Component: ARM Compiler 5.06 update 6 (build 750) Tool: armlink [4d35ed]

==============================================================================

Section Cross References

    startup_stm32f303xc.o(RESET) refers to startup_stm32f303xc.o(STACK) for __initial_sp
    startup_stm32f303xc.o(RESET) refers to startup_stm32f303xc.o(.text) for Reset_Handler
    startup_stm32f303xc.o(RESET) refers to stm32f3xx_it.o(i.SysTick_Handler) for SysTick_Handler
    startup_stm32f303xc.o(RESET) refers to stm32f3xx_it.o(i.ADC1_2_IRQHandler) for ADC1_2_IRQHandler
    startup_stm32f303xc.o(RESET) refers to stm32f3xx_it.o(i.EXTI9_5_IRQHandler) for EXTI9_5_IRQHandler
    startup_stm32f303xc.o(RESET) refers to stm32f3xx_it.o(i.TIM2_IRQHandler) for TIM2_IRQHandler
    startup_stm32f303xc.o(RESET) refers to stm32f3xx_it.o(i.TIM3_IRQHandler) for TIM3_IRQHandler
    startup_stm32f303xc.o(RESET) refers to stm32f3xx_it.o(i.TIM4_IRQHandler) for TIM4_IRQHandler
    startup_stm32f303xc.o(RESET) refers to stm32f3xx_it.o(i.USART2_IRQHandler) for USART2_IRQHandler
    startup_stm32f303xc.o(RESET) refers to stm32f3xx_it.o(i.EXTI15_10_IRQHandler) for EXTI15_10_IRQHandler
    startup_stm32f303xc.o(.text) refers to system_stm32f3xx.o(i.SystemInit) for SystemInit
    startup_stm32f303xc.o(.text) refers to entry.o(.ARM.Collect$$$$00000000) for __main
    system_stm32f3xx.o(i.SystemCoreClockUpdate) refers to system_stm32f3xx.o(.data) for .data
    system_stm32f3xx.o(i.SystemCoreClockUpdate) refers to system_stm32f3xx.o(.constdata) for .constdata
    stm32f3xx_hal_msp.o(i.HAL_ADC_MspDeInit) refers to stm32f3xx_hal_gpio.o(i.HAL_GPIO_DeInit) for HAL_GPIO_DeInit
    stm32f3xx_hal_msp.o(i.HAL_ADC_MspDeInit) refers to stm32f3xx_hal_cortex.o(i.HAL_NVIC_DisableIRQ) for HAL_NVIC_DisableIRQ
    stm32f3xx_hal_msp.o(i.HAL_ADC_MspInit) refers to stm32f3xx_hal_gpio.o(i.HAL_GPIO_Init) for HAL_GPIO_Init
    stm32f3xx_hal_msp.o(i.HAL_ADC_MspInit) refers to stm32f3xx_hal_cortex.o(i.HAL_NVIC_SetPriority) for HAL_NVIC_SetPriority
    stm32f3xx_hal_msp.o(i.HAL_ADC_MspInit) refers to stm32f3xx_hal_cortex.o(i.HAL_NVIC_EnableIRQ) for HAL_NVIC_EnableIRQ
    stm32f3xx_hal_msp.o(i.HAL_I2C_MspDeInit) refers to stm32f3xx_hal_gpio.o(i.HAL_GPIO_DeInit) for HAL_GPIO_DeInit
    stm32f3xx_hal_msp.o(i.HAL_I2C_MspInit) refers to stm32f3xx_hal_gpio.o(i.HAL_GPIO_Init) for HAL_GPIO_Init
    stm32f3xx_hal_msp.o(i.HAL_MspInit) refers to stm32f3xx_hal_cortex.o(i.HAL_NVIC_SetPriorityGrouping) for HAL_NVIC_SetPriorityGrouping
    stm32f3xx_hal_msp.o(i.HAL_MspInit) refers to stm32f3xx_hal_cortex.o(i.HAL_NVIC_SetPriority) for HAL_NVIC_SetPriority
    stm32f3xx_hal_msp.o(i.HAL_PCD_MspDeInit) refers to stm32f3xx_hal_gpio.o(i.HAL_GPIO_DeInit) for HAL_GPIO_DeInit
    stm32f3xx_hal_msp.o(i.HAL_PCD_MspInit) refers to stm32f3xx_hal_gpio.o(i.HAL_GPIO_Init) for HAL_GPIO_Init
    stm32f3xx_hal_msp.o(i.HAL_SPI_MspDeInit) refers to stm32f3xx_hal_gpio.o(i.HAL_GPIO_DeInit) for HAL_GPIO_DeInit
    stm32f3xx_hal_msp.o(i.HAL_SPI_MspInit) refers to stm32f3xx_hal_gpio.o(i.HAL_GPIO_Init) for HAL_GPIO_Init
    stm32f3xx_hal_msp.o(i.HAL_TIM_Base_MspDeInit) refers to stm32f3xx_hal_cortex.o(i.HAL_NVIC_DisableIRQ) for HAL_NVIC_DisableIRQ
    stm32f3xx_hal_msp.o(i.HAL_TIM_Base_MspInit) refers to stm32f3xx_hal_cortex.o(i.HAL_NVIC_SetPriority) for HAL_NVIC_SetPriority
    stm32f3xx_hal_msp.o(i.HAL_TIM_Base_MspInit) refers to stm32f3xx_hal_cortex.o(i.HAL_NVIC_EnableIRQ) for HAL_NVIC_EnableIRQ
    stm32f3xx_hal_msp.o(i.HAL_UART_MspDeInit) refers to stm32f3xx_hal_gpio.o(i.HAL_GPIO_DeInit) for HAL_GPIO_DeInit
    stm32f3xx_hal_msp.o(i.HAL_UART_MspDeInit) refers to stm32f3xx_hal_cortex.o(i.HAL_NVIC_DisableIRQ) for HAL_NVIC_DisableIRQ
    stm32f3xx_hal_msp.o(i.HAL_UART_MspInit) refers to stm32f3xx_hal_gpio.o(i.HAL_GPIO_Init) for HAL_GPIO_Init
    stm32f3xx_hal_msp.o(i.HAL_UART_MspInit) refers to stm32f3xx_hal_cortex.o(i.HAL_NVIC_SetPriority) for HAL_NVIC_SetPriority
    stm32f3xx_hal_msp.o(i.HAL_UART_MspInit) refers to stm32f3xx_hal_cortex.o(i.HAL_NVIC_EnableIRQ) for HAL_NVIC_EnableIRQ
    stm32f3xx_it.o(i.ADC1_2_IRQHandler) refers to stm32f3xx_hal_adc_ex.o(i.HAL_ADC_IRQHandler) for HAL_ADC_IRQHandler
    stm32f3xx_it.o(i.ADC1_2_IRQHandler) refers to stm32f3xx_hal_adc_ex.o(i.HAL_ADC_GetValue) for HAL_ADC_GetValue
    stm32f3xx_it.o(i.ADC1_2_IRQHandler) refers to stm32f3xx_hal_adc_ex.o(i.HAL_ADC_Start_IT) for HAL_ADC_Start_IT
    stm32f3xx_it.o(i.ADC1_2_IRQHandler) refers to main.o(.bss) for hadc2
    stm32f3xx_it.o(i.ADC1_2_IRQHandler) refers to stm32f3xx_it.o(.data) for .data
    stm32f3xx_it.o(i.EXTI15_10_IRQHandler) refers to stm32f3xx_hal_gpio.o(i.HAL_GPIO_EXTI_IRQHandler) for HAL_GPIO_EXTI_IRQHandler
    stm32f3xx_it.o(i.EXTI15_10_IRQHandler) refers to stm32f3xx_hal_gpio.o(i.HAL_GPIO_WritePin) for HAL_GPIO_WritePin
    stm32f3xx_it.o(i.EXTI15_10_IRQHandler) refers to stm32f3xx_hal_gpio.o(i.HAL_GPIO_ReadPin) for HAL_GPIO_ReadPin
[...]
    ../clib/microlib/printf/printf.c         0x00000000   Number         0  printf7.o ABSOLUTE
    ../clib/microlib/printf/printf.c         0x00000000   Number         0  printf2.o ABSOLUTE
    ../clib/microlib/printf/printf.c         0x00000000   Number         0  printf8.o ABSOLUTE
    ../clib/microlib/printf/printf.c         0x00000000   Number         0  printf1.o ABSOLUTE
    ../clib/microlib/printf/printf.c         0x00000000   Number         0  printfb.o ABSOLUTE
    ../clib/microlib/printf/printf.c         0x00000000   Number         0  printf0.o ABSOLUTE
    ../clib/microlib/printf/printf.c         0x00000000   Number         0  printf3.o ABSOLUTE
    ../clib/microlib/printf/printf.c         0x00000000   Number         0  printf4.o ABSOLUTE
    ../clib/microlib/printf/printf.c         0x00000000   Number         0  printf5.o ABSOLUTE
    ../clib/microlib/printf/printf.c         0x00000000   Number         0  printf6.o ABSOLUTE
    ../clib/microlib/printf/stubs.s          0x00000000   Number         0  stubs.o ABSOLUTE
    ../clib/microlib/stdio/fputc.c           0x00000000   Number         0  fputc.o ABSOLUTE
    ../clib/microlib/stdio/semi.s            0x00000000   Number         0  semi.o ABSOLUTE
    ../clib/microlib/stdio/streams.c         0x00000000   Number         0  stdout.o ABSOLUTE
    ../clib/microlib/stdlib/rand.c           0x00000000   Number         0  rand.o ABSOLUTE
    ../clib/microlib/string/memcpy.c         0x00000000   Number         0  memcpyb.o ABSOLUTE
    ../clib/microlib/string/memcpy.c         0x00000000   Number         0  memcpya.o ABSOLUTE
    ../clib/microlib/string/strlen.c         0x00000000   Number         0  strlen.o ABSOLUTE
    ../clib/microlib/stubs.s                 0x00000000   Number         0  iusesemip.o ABSOLUTE
    ../clib/microlib/stubs.s                 0x00000000   Number         0  iusefp.o ABSOLUTE
    ../fplib/microlib/fpadd.c                0x00000000   Number         0  dadd.o ABSOLUTE
    ../fplib/microlib/fpdiv.c                0x00000000   Number         0  ddiv.o ABSOLUTE
    ../fplib/microlib/fpepilogue.c           0x00000000   Number         0  depilogue.o ABSOLUTE
    ../fplib/microlib/fpfix.c                0x00000000   Number         0  dfixul.o ABSOLUTE
    ../fplib/microlib/fpmul.c                0x00000000   Number         0  dmul.o ABSOLUTE
    ..\Drivers\STM32F3xx_HAL_Driver\Src\stm32f3xx_hal.c 0x00000000   Number         0  stm32f3xx_hal.o ABSOLUTE
    ..\Drivers\STM32F3xx_HAL_Driver\Src\stm32f3xx_hal_adc.c 0x00000000   Number         0  stm32f3xx_hal_adc.o ABSOLUTE
    ..\Drivers\STM32F3xx_HAL_Driver\Src\stm32f3xx_hal_adc_ex.c 0x00000000   Number         0  stm32f3xx_hal_adc_ex.o ABSOLUTE
    ..\Drivers\STM32F3xx_HAL_Driver\Src\stm32f3xx_hal_cortex.c 0x00000000   Number         0  stm32f3xx_hal_cortex.o ABSOLUTE
    ..\Drivers\STM32F3xx_HAL_Driver\Src\stm32f3xx_hal_dma.c 0x00000000   Number         0  stm32f3xx_hal_dma.o ABSOLUTE
    ..\Drivers\STM32F3xx_HAL_Driver\Src\stm32f3xx_hal_flash.c 0x00000000   Number         0  stm32f3xx_hal_flash.o ABSOLUTE
    ..\Drivers\STM32F3xx_HAL_Driver\Src\stm32f3xx_hal_flash_ex.c 0x00000000   Number         0  stm32f3xx_hal_flash_ex.o ABSOLUTE
    ..\Drivers\STM32F3xx_HAL_Driver\Src\stm32f3xx_hal_gpio.c 0x00000000   Number         0  stm32f3xx_hal_gpio.o ABSOLUTE
    ..\Drivers\STM32F3xx_HAL_Driver\Src\stm32f3xx_hal_i2c.c 0x00000000   Number         0  stm32f3xx_hal_i2c.o ABSOLUTE
    ..\Drivers\STM32F3xx_HAL_Driver\Src\stm32f3xx_hal_i2c_ex.c 0x00000000   Number         0  stm32f3xx_hal_i2c_ex.o ABSOLUTE
    ..\Drivers\STM32F3xx_HAL_Driver\Src\stm32f3xx_hal_pcd.c 0x00000000   Number         0  stm32f3xx_hal_pcd.o ABSOLUTE
    ..\Drivers\STM32F3xx_HAL_Driver\Src\stm32f3xx_hal_pcd_ex.c 0x00000000   Number         0  stm32f3xx_hal_pcd_ex.o ABSOLUTE
    ..\Drivers\STM32F3xx_HAL_Driver\Src\stm32f3xx_hal_pwr.c 0x00000000   Number         0  stm32f3xx_hal_pwr.o ABSOLUTE
    ..\Drivers\STM32F3xx_HAL_Driver\Src\stm32f3xx_hal_pwr_ex.c 0x00000000   Number         0  stm32f3xx_hal_pwr_ex.o ABSOLUTE
    ..\Drivers\STM32F3xx_HAL_Driver\Src\stm32f3xx_hal_rcc.c 0x00000000   Number         0  stm32f3xx_hal_rcc.o ABSOLUTE
    ..\Drivers\STM32F3xx_HAL_Driver\Src\stm32f3xx_hal_rcc_ex.c 0x00000000   Number         0  stm32f3xx_hal_rcc_ex.o ABSOLUTE
    ..\Drivers\STM32F3xx_HAL_Driver\Src\stm32f3xx_hal_spi.c 0x00000000   Number         0  stm32f3xx_hal_spi.o ABSOLUTE
    ..\Drivers\STM32F3xx_HAL_Driver\Src\stm32f3xx_hal_spi_ex.c 0x00000000   Number         0  stm32f3xx_hal_spi_ex.o ABSOLUTE
    ..\Drivers\STM32F3xx_HAL_Driver\Src\stm32f3xx_hal_tim.c 0x00000000   Number         0  stm32f3xx_hal_tim.o ABSOLUTE
    ..\Drivers\STM32F3xx_HAL_Driver\Src\stm32f3xx_hal_tim_ex.c 0x00000000   Number         0  stm32f3xx_hal_tim_ex.o ABSOLUTE
    ..\Drivers\STM32F3xx_HAL_Driver\Src\stm32f3xx_hal_uart.c 0x00000000   Number         0  stm32f3xx_hal_uart.o ABSOLUTE
    ..\Drivers\STM32F3xx_HAL_Driver\Src\stm32f3xx_hal_uart_ex.c 0x00000000   Number         0  stm32f3xx_hal_uart_ex.o ABSOLUTE
    ..\Src\LiquidCrystal.c                   0x00000000   Number         0  liquidcrystal.o ABSOLUTE
    ..\Src\main.c                            0x00000000   Number         0  main.o ABSOLUTE
    ..\Src\stm32f3xx_hal_msp.c               0x00000000   Number         0  stm32f3xx_hal_msp.o ABSOLUTE
    ..\Src\stm32f3xx_it.c                    0x00000000   Number         0  stm32f3xx_it.o ABSOLUTE
    ..\Src\system_stm32f3xx.c                0x00000000   Number         0  system_stm32f3xx.o ABSOLUTE
    ..\\Src\\LiquidCrystal.c                 0x00000000   Number         0  liquidcrystal.o ABSOLUTE
    cdrcmple.s                               0x00000000   Number         0  cdrcmple.o ABSOLUTE
    dc.s                                     0x00000000   Number         0  dc.o ABSOLUTE
    handlers.s                               0x00000000   Number         0  handlers.o ABSOLUTE
    init.s                                   0x00000000   Number         0  init.o ABSOLUTE
    startup_stm32f303xc.s                    0x00000000   Number         0  startup_stm32f303xc.o ABSOLUTE
    RESET                                    0x08000000   Section      392  startup_stm32f303xc.o(RESET)
    .ARM.Collect$$$$00000000                 0x08000188   Section        0  entry.o(.ARM.Collect$$$$00000000)
    .ARM.Collect$$$$00000001                 0x08000188   Section        4  entry2.o(.ARM.Collect$$$$00000001)
    .ARM.Collect$$$$00000004                 0x0800018c   Section        4  entry5.o(.ARM.Collect$$$$00000004)
    .ARM.Collect$$$$00000008                 0x08000190   Section        0  entry7b.o(.ARM.Collect$$$$00000008)
    .ARM.Collect$$$$0000000A                 0x08000190   Section        0  entry8b.o(.ARM.Collect$$$$0000000A)
    .ARM.Collect$$$$0000000B                 0x08000190   Section        8  entry9a.o(.ARM.Collect$$$$0000000B)
    .ARM.Collect$$$$0000000D                 0x08000198   Section        0  entry10a.o(.ARM.Collect$$$$0000000D)
    .ARM.Collect$$$$0000000F                 0x08000198   Section        0  entry11a.o(.ARM.Collect$$$$0000000F)
    .ARM.Collect$$$$00002712                 0x08000198   Section        4  entry2.o(.ARM.Collect$$$$00002712)
    __lit__00000000                          0x08000198   Data           4  entry2.o(.ARM.Collect$$$$00002712)
    .text                                    0x0800019c   Section       36  startup_stm32f303xc.o(.text)
    $v0                                      0x0800019c   Number         0  startup_stm32f303xc.o(.text)
    .text                                    0x080001c0   Section        0  rand.o(.text)
    .text                                    0x080001e4   Section        0  strlen.o(.text)
    .text                                    0x080001f2   Section        0  uidiv.o(.text)
    .text                                    0x08000220   Section       36  init.o(.text)
    .text                                    0x08000244   Section        0  __dczerorl2.o(.text)
    i.ADC1_2_IRQHandler                      0x0800029c   Section        0  stm32f3xx_it.o(i.ADC1_2_IRQHandler)
    i.ADC_Disable                            0x080002f4   Section        0  stm32f3xx_hal_adc_ex.o(i.ADC_Disable)
    ADC_Disable                              0x080002f5   Thumb Code    98  stm32f3xx_hal_adc_ex.o(i.ADC_Disable)
    i.ADC_Enable                             0x08000358   Section        0  stm32f3xx_hal_adc_ex.o(i.ADC_Enable)
    ADC_Enable                               0x08000359   Thumb Code    92  stm32f3xx_hal_adc_ex.o(i.ADC_Enable)
    i.EXTI15_10_IRQHandler                   0x080003b8   Section        0  stm32f3xx_it.o(i.EXTI15_10_IRQHandler)
    i.EXTI9_5_IRQHandler                     0x08000568   Section        0  stm32f3xx_it.o(i.EXTI9_5_IRQHandler)
    i.HAL_ADCEx_InjectedConvCpltCallback     0x0800069c   Section        0  stm32f3xx_hal_adc_ex.o(i.HAL_ADCEx_InjectedConvCpltCallback)
    i.HAL_ADCEx_InjectedQueueOverflowCallback 0x0800069e   Section        0  stm32f3xx_hal_adc_ex.o(i.HAL_ADCEx_InjectedQueueOverflowCallback)
    i.HAL_ADCEx_LevelOutOfWindow2Callback    0x080006a0   Section        0  stm32f3xx_hal_adc_ex.o(i.HAL_ADCEx_LevelOutOfWindow2Callback)
    i.HAL_ADCEx_LevelOutOfWindow3Callback    0x080006a2   Section        0  stm32f3xx_hal_adc_ex.o(i.HAL_ADCEx_LevelOutOfWindow3Callback)
    i.HAL_ADC_ConfigChannel                  0x080006a4   Section        0  stm32f3xx_hal_adc_ex.o(i.HAL_ADC_ConfigChannel)
    i.HAL_ADC_ConvCpltCallback               0x08000a38   Section        0  stm32f3xx_hal_adc.o(i.HAL_ADC_ConvCpltCallback)
    i.HAL_ADC_ErrorCallback                  0x08000a3a   Section        0  stm32f3xx_hal_adc.o(i.HAL_ADC_ErrorCallback)
    i.HAL_ADC_GetValue                       0x08000a3c   Section        0  stm32f3xx_hal_adc_ex.o(i.HAL_ADC_GetValue)
    i.HAL_ADC_IRQHandler                     0x08000a44   Section        0  stm32f3xx_hal_adc_ex.o(i.HAL_ADC_IRQHandler)
    i.HAL_ADC_Init                           0x08000d6c   Section        0  stm32f3xx_hal_adc_ex.o(i.HAL_ADC_Init)
    i.HAL_ADC_LevelOutOfWindowCallback       0x08000fb4   Section        0  stm32f3xx_hal_adc.o(i.HAL_ADC_LevelOutOfWindowCallback)
    i.HAL_ADC_MspInit                        0x08000fb8   Section        0  stm32f3xx_hal_msp.o(i.HAL_ADC_MspInit)
    i.HAL_ADC_Start_IT                       0x0800100c   Section        0  stm32f3xx_hal_adc_ex.o(i.HAL_ADC_Start_IT)
    i.HAL_DMA_Abort_IT                       0x0800118c   Section        0  stm32f3xx_hal_dma.o(i.HAL_DMA_Abort_IT)
    i.HAL_Delay                              0x080011d8   Section        0  stm32f3xx_hal.o(i.HAL_Delay)
    i.HAL_GPIO_EXTI_Callback                 0x080011fc   Section        0  stm32f3xx_hal_gpio.o(i.HAL_GPIO_EXTI_Callback)
    i.HAL_GPIO_EXTI_IRQHandler               0x08001200   Section        0  stm32f3xx_hal_gpio.o(i.HAL_GPIO_EXTI_IRQHandler)
    i.HAL_GPIO_Init                          0x08001218   Section        0  stm32f3xx_hal_gpio.o(i.HAL_GPIO_Init)
    i.HAL_GPIO_ReadPin                       0x080013a0   Section        0  stm32f3xx_hal_gpio.o(i.HAL_GPIO_ReadPin)
    i.HAL_GPIO_WritePin                      0x080013aa   Section        0  stm32f3xx_hal_gpio.o(i.HAL_GPIO_WritePin)
    i.HAL_GetTick                            0x080013b4   Section        0  stm32f3xx_hal.o(i.HAL_GetTick)
    i.HAL_I2CEx_ConfigAnalogFilter           0x080013c0   Section        0  stm32f3xx_hal_i2c_ex.o(i.HAL_I2CEx_ConfigAnalogFilter)
    i.HAL_I2CEx_ConfigDigitalFilter          0x08001416   Section        0  stm32f3xx_hal_i2c_ex.o(i.HAL_I2CEx_ConfigDigitalFilter)
    i.HAL_I2C_Init                           0x08001468   Section        0  stm32f3xx_hal_i2c.o(i.HAL_I2C_Init)
    i.HAL_I2C_MspInit                        0x08001520   Section        0  stm32f3xx_hal_msp.o(i.HAL_I2C_MspInit)
    i.HAL_IncTick                            0x0800156c   Section        0  stm32f3xx_hal.o(i.HAL_IncTick)
    i.HAL_Init                               0x0800157c   Section        0  stm32f3xx_hal.o(i.HAL_Init)
    i.HAL_InitTick                           0x080015a0   Section        0  stm32f3xx_hal.o(i.HAL_InitTick)
    i.HAL_MspInit                            0x080015e0   Section        0  stm32f3xx_hal_msp.o(i.HAL_MspInit)
    i.HAL_NVIC_EnableIRQ                     0x08001650   Section        0  stm32f3xx_hal_cortex.o(i.HAL_NVIC_EnableIRQ)
    i.HAL_NVIC_SetPriority                   0x08001668   Section        0  stm32f3xx_hal_cortex.o(i.HAL_NVIC_SetPriority)
    i.HAL_NVIC_SetPriorityGrouping           0x080016a8   Section        0  stm32f3xx_hal_cortex.o(i.HAL_NVIC_SetPriorityGrouping)
    i.HAL_PCD_Init                           0x080016cc   Section        0  stm32f3xx_hal_pcd.o(i.HAL_PCD_Init)
    i.HAL_PCD_MspInit                        0x08001774   Section        0  stm32f3xx_hal_msp.o(i.HAL_PCD_MspInit)
    i.HAL_RCCEx_PeriphCLKConfig              0x080017c0   Section        0  stm32f3xx_hal_rcc_ex.o(i.HAL_RCCEx_PeriphCLKConfig)
    i.HAL_RCC_ClockConfig                    0x080019d8   Section        0  stm32f3xx_hal_rcc.o(i.HAL_RCC_ClockConfig)
    i.HAL_RCC_GetHCLKFreq                    0x08001b60   Section        0  stm32f3xx_hal_rcc.o(i.HAL_RCC_GetHCLKFreq)
    i.HAL_RCC_GetPCLK1Freq                   0x08001b6c   Section        0  stm32f3xx_hal_rcc.o(i.HAL_RCC_GetPCLK1Freq)
    i.HAL_RCC_GetPCLK2Freq                   0x08001b9c   Section        0  stm32f3xx_hal_rcc.o(i.HAL_RCC_GetPCLK2Freq)
    i.HAL_RCC_GetSysClockFreq                0x08001bcc   Section        0  stm32f3xx_hal_rcc.o(i.HAL_RCC_GetSysClockFreq)
    i.HAL_RCC_OscConfig                      0x08001c30   Section        0  stm32f3xx_hal_rcc.o(i.HAL_RCC_OscConfig)
    i.HAL_SPI_Init                           0x080021dc   Section        0  stm32f3xx_hal_spi.o(i.HAL_SPI_Init)
    i.HAL_SPI_MspInit                        0x08002294   Section        0  stm32f3xx_hal_msp.o(i.HAL_SPI_MspInit)
    i.HAL_SYSTICK_CLKSourceConfig            0x080022dc   Section        0  stm32f3xx_hal_cortex.o(i.HAL_SYSTICK_CLKSourceConfig)
    i.HAL_SYSTICK_Callback                   0x080022f4   Section        0  stm32f3xx_hal_cortex.o(i.HAL_SYSTICK_Callback)
    i.HAL_SYSTICK_Config                     0x080022f6   Section        0  stm32f3xx_hal_cortex.o(i.HAL_SYSTICK_Config)
    i.HAL_SYSTICK_IRQHandler                 0x0800231e   Section        0  stm32f3xx_hal_cortex.o(i.HAL_SYSTICK_IRQHandler)
    i.HAL_TIMEx_Break2Callback               0x08002326   Section        0  stm32f3xx_hal_tim_ex.o(i.HAL_TIMEx_Break2Callback)
    i.HAL_TIMEx_BreakCallback                0x08002328   Section        0  stm32f3xx_hal_tim_ex.o(i.HAL_TIMEx_BreakCallback)
    i.HAL_TIMEx_CommutationCallback          0x0800232a   Section        0  stm32f3xx_hal_tim_ex.o(i.HAL_TIMEx_CommutationCallback)
    i.HAL_TIMEx_MasterConfigSynchronization  0x0800232c   Section        0  stm32f3xx_hal_tim_ex.o(i.HAL_TIMEx_MasterConfigSynchronization)
    i.HAL_TIM_Base_Init                      0x08002384   Section        0  stm32f3xx_hal_tim.o(i.HAL_TIM_Base_Init)
    i.HAL_TIM_Base_MspInit                   0x080023bc   Section        0  stm32f3xx_hal_msp.o(i.HAL_TIM_Base_MspInit)
    i.HAL_TIM_Base_Start_IT                  0x08002444   Section        0  stm32f3xx_hal_tim.o(i.HAL_TIM_Base_Start_IT)
    i.HAL_TIM_Base_Stop_IT                   0x0800245c   Section        0  stm32f3xx_hal_tim.o(i.HAL_TIM_Base_Stop_IT)
    i.HAL_TIM_ConfigClockSource              0x08002488   Section        0  stm32f3xx_hal_tim.o(i.HAL_TIM_ConfigClockSource)
    i.HAL_TIM_IC_CaptureCallback             0x08002584   Section        0  stm32f3xx_hal_tim.o(i.HAL_TIM_IC_CaptureCallback)
    i.HAL_TIM_IRQHandler                     0x08002586   Section        0  stm32f3xx_hal_tim.o(i.HAL_TIM_IRQHandler)
    i.HAL_TIM_OC_DelayElapsedCallback        0x0800270a   Section        0  stm32f3xx_hal_tim.o(i.HAL_TIM_OC_DelayElapsedCallback)
    i.HAL_TIM_PWM_PulseFinishedCallback      0x0800270c   Section        0  stm32f3xx_hal_tim.o(i.HAL_TIM_PWM_PulseFinishedCallback)
    i.HAL_TIM_PeriodElapsedCallback          0x0800270e   Section        0  stm32f3xx_hal_tim.o(i.HAL_TIM_PeriodElapsedCallback)
    i.HAL_TIM_TriggerCallback                0x08002710   Section        0  stm32f3xx_hal_tim.o(i.HAL_TIM_TriggerCallback)
    i.HAL_UARTEx_WakeupCallback              0x08002712   Section        0  stm32f3xx_hal_uart_ex.o(i.HAL_UARTEx_WakeupCallback)
    i.HAL_UART_ErrorCallback                 0x08002714   Section        0  stm32f3xx_hal_uart.o(i.HAL_UART_ErrorCallback)
    i.HAL_UART_IRQHandler                    0x08002718   Section        0  stm32f3xx_hal_uart.o(i.HAL_UART_IRQHandler)
    i.HAL_UART_Init                          0x08002858   Section        0  stm32f3xx_hal_uart.o(i.HAL_UART_Init)
    i.HAL_UART_MspInit                       0x080028c4   Section        0  stm32f3xx_hal_msp.o(i.HAL_UART_MspInit)
    i.HAL_UART_Receive_IT                    0x0800291c   Section        0  stm32f3xx_hal_uart.o(i.HAL_UART_Receive_IT)
    i.HAL_UART_RxCpltCallback                0x08002996   Section        0  stm32f3xx_hal_uart.o(i.HAL_UART_RxCpltCallback)
    i.HAL_UART_TxCpltCallback                0x08002998   Section        0  stm32f3xx_hal_uart.o(i.HAL_UART_TxCpltCallback)
    i.LiquidCrystal                          0x0800299c   Section        0  liquidcrystal.o(i.LiquidCrystal)
    i.MX_ADC2_Init                           0x080029e4   Section        0  main.o(i.MX_ADC2_Init)
    MX_ADC2_Init                             0x080029e5   Thumb Code    86  main.o(i.MX_ADC2_Init)
    i.MX_GPIO_Init                           0x08002a44   Section        0  main.o(i.MX_GPIO_Init)
    MX_GPIO_Init                             0x08002a45   Thumb Code   460  main.o(i.MX_GPIO_Init)
    i.MX_I2C1_Init                           0x08002c30   Section        0  main.o(i.MX_I2C1_Init)
    MX_I2C1_Init                             0x08002c31   Thumb Code    66  main.o(i.MX_I2C1_Init)
    i.MX_SPI1_Init                           0x08002c80   Section        0  main.o(i.MX_SPI1_Init)
    MX_SPI1_Init                             0x08002c81   Thumb Code    64  main.o(i.MX_SPI1_Init)
    i.MX_TIM2_Init                           0x08002cc8   Section        0  stm32f3xx_it.o(i.MX_TIM2_Init)
    MX_TIM2_Init                             0x08002cc9   Thumb Code   166  stm32f3xx_it.o(i.MX_TIM2_Init)
    i.MX_TIM2_Init                           0x08002d90   Section        0  main.o(i.MX_TIM2_Init)
    MX_TIM2_Init                             0x08002d91   Thumb Code    78  main.o(i.MX_TIM2_Init)
    i.MX_TIM3_Init                           0x08002de8   Section        0  main.o(i.MX_TIM3_Init)
    MX_TIM3_Init                             0x08002de9   Thumb Code    76  main.o(i.MX_TIM3_Init)
    i.MX_TIM4_Init                           0x08002e3c   Section        0  main.o(i.MX_TIM4_Init)
    MX_TIM4_Init                             0x08002e3d   Thumb Code    74  main.o(i.MX_TIM4_Init)
    i.MX_USART2_UART_Init                    0x08002e90   Section        0  main.o(i.MX_USART2_UART_Init)
    MX_USART2_UART_Init                      0x08002e91   Thumb Code    46  main.o(i.MX_USART2_UART_Init)
    i.NVIC_SetPriority                       0x08002ec8   Section        0  stm32f3xx_hal_cortex.o(i.NVIC_SetPriority)
    NVIC_SetPriority                         0x08002ec9   Thumb Code    32  stm32f3xx_hal_cortex.o(i.NVIC_SetPriority)
    i.SysTick_Handler                        0x08002ee8   Section        0  stm32f3xx_it.o(i.SysTick_Handler)
    i.SystemClock_Config                     0x08002ef8   Section        0  main.o(i.SystemClock_Config)
    i.SystemInit                             0x08002f88   Section        0  system_stm32f3xx.o(i.SystemInit)
    i.TIM2_IRQHandler                        0x08002ff0   Section        0  stm32f3xx_it.o(i.TIM2_IRQHandler)
    i.TIM3_IRQHandler                        0x0800332c   Section        0  stm32f3xx_it.o(i.TIM3_IRQHandler)
    i.TIM4_IRQHandler                        0x08003970   Section        0  stm32f3xx_it.o(i.TIM4_IRQHandler)
    i.TIM_Base_SetConfig                     0x08003a98   Section        0  stm32f3xx_hal_tim.o(i.TIM_Base_SetConfig)
    i.TIM_ETR_SetConfig                      0x08003b48   Section        0  stm32f3xx_hal_tim.o(i.TIM_ETR_SetConfig)
    i.TIM_ITRx_SetConfig                     0x08003b5c   Section        0  stm32f3xx_hal_tim.o(i.TIM_ITRx_SetConfig)
    TIM_ITRx_SetConfig                       0x08003b5d   Thumb Code    16  stm32f3xx_hal_tim.o(i.TIM_ITRx_SetConfig)
    i.TIM_TI1_ConfigInputStage               0x08003b6c   Section        0  stm32f3xx_hal_tim.o(i.TIM_TI1_ConfigInputStage)
    TIM_TI1_ConfigInputStage                 0x08003b6d   Thumb Code    34  stm32f3xx_hal_tim.o(i.TIM_TI1_ConfigInputStage)
    i.TIM_TI2_ConfigInputStage               0x08003b8e   Section        0  stm32f3xx_hal_tim.o(i.TIM_TI2_ConfigInputStage)
    TIM_TI2_ConfigInputStage                 0x08003b8f   Thumb Code    36  stm32f3xx_hal_tim.o(i.TIM_TI2_ConfigInputStage)
    i.UART_AdvFeatureConfig                  0x08003bb2   Section        0  stm32f3xx_hal_uart.o(i.UART_AdvFeatureConfig)
    i.UART_CheckIdleState                    0x08003c7a   Section        0  stm32f3xx_hal_uart.o(i.UART_CheckIdleState)
    i.UART_DMAAbortOnError                   0x08003cd6   Section        0  stm32f3xx_hal_uart.o(i.UART_DMAAbortOnError)
    UART_DMAAbortOnError                     0x08003cd7   Thumb Code    20  stm32f3xx_hal_uart.o(i.UART_DMAAbortOnError)
    i.UART_EndRxTransfer                     0x08003cea   Section        0  stm32f3xx_hal_uart.o(i.UART_EndRxTransfer)
    UART_EndRxTransfer                       0x08003ceb   Thumb Code    28  stm32f3xx_hal_uart.o(i.UART_EndRxTransfer)
    i.UART_EndTransmit_IT                    0x08003d06   Section        0  stm32f3xx_hal_uart.o(i.UART_EndTransmit_IT)
    i.UART_Receive_IT                        0x08003d20   Section        0  stm32f3xx_hal_uart.o(i.UART_Receive_IT)
    i.UART_SetConfig                         0x08003d98   Section        0  stm32f3xx_hal_uart.o(i.UART_SetConfig)
    i.UART_Transmit_IT                       0x08003f6c   Section        0  stm32f3xx_hal_uart.o(i.UART_Transmit_IT)
    i.UART_WaitOnFlagUntilTimeout            0x08003fd0   Section        0  stm32f3xx_hal_uart.o(i.UART_WaitOnFlagUntilTimeout)
    i.USART2_IRQHandler                      0x08004034   Section        0  stm32f3xx_it.o(i.USART2_IRQHandler)
    i._Error_Handler                         0x08004094   Section        0  main.o(i._Error_Handler)
    i.__0sprintf$6                           0x08004098   Section        0  printf6.o(i.__0sprintf$6)
    i.__scatterload_copy                     0x080040c0   Section       14  handlers.o(i.__scatterload_copy)
    i.__scatterload_null                     0x080040ce   Section        2  handlers.o(i.__scatterload_null)
    i.__scatterload_zeroinit                 0x080040d0   Section       14  handlers.o(i.__scatterload_zeroinit)
    i._printf_core                           0x080040e0   Section        0  printf6.o(i._printf_core)
    _printf_core                             0x080040e1   Thumb Code   748  printf6.o(i._printf_core)
    i._printf_post_padding                   0x080043d0   Section        0  printf6.o(i._printf_post_padding)
    _printf_post_padding                     0x080043d1   Thumb Code    36  printf6.o(i._printf_post_padding)
    i._printf_pre_padding                    0x080043f4   Section        0  printf6.o(i._printf_pre_padding)
    _printf_pre_padding                      0x080043f5   Thumb Code    46  printf6.o(i._printf_pre_padding)
    i._sputc                                 0x08004422   Section        0  printf6.o(i._sputc)
    _sputc                                   0x08004423   Thumb Code    10  printf6.o(i._sputc)
    i.apple                                  0x0800442c   Section        0  stm32f3xx_it.o(i.apple)
    i.begin                                  0x080046ac   Section        0  liquidcrystal.o(i.begin)
    i.checkemt                               0x080047e4   Section        0  stm32f3xx_it.o(i.checkemt)
    i.checkfl                                0x080048d8   Section        0  stm32f3xx_it.o(i.checkfl)
    i.checkij                                0x0800495c   Section        0  stm32f3xx_it.o(i.checkij)
    i.clear                                  0x08004a48   Section        0  liquidcrystal.o(i.clear)
    i.command                                0x08004a5a   Section        0  liquidcrystal.o(i.command)
    i.createChar                             0x08004a60   Section        0  liquidcrystal.o(i.createChar)
    i.display                                0x08004a84   Section        0  liquidcrystal.o(i.display)
    i.enableClock                            0x08004a9c   Section        0  liquidcrystal.o(i.enableClock)
    i.home                                   0x08004b48   Section        0  liquidcrystal.o(i.home)
    i.init                                   0x08004b5c   Section        0  liquidcrystal.o(i.init)
    i.lastcheck                              0x08004bac   Section        0  stm32f3xx_it.o(i.lastcheck)
    i.main                                   0x08004c78   Section        0  main.o(i.main)
    i.mjl                                    0x08004d40   Section        0  stm32f3xx_it.o(i.mjl)
    i.numbertobcd                            0x08004d60   Section        0  stm32f3xx_it.o(i.numbertobcd)
    i.print                                  0x08004dbc   Section        0  liquidcrystal.o(i.print)
    i.pulseEnable                            0x08004de4   Section        0  liquidcrystal.o(i.pulseEnable)
    i.send                                   0x08004e20   Section        0  liquidcrystal.o(i.send)
    i.setCursor                              0x08004e64   Section        0  liquidcrystal.o(i.setCursor)
    i.setRowOffsets                          0x08004e8c   Section        0  liquidcrystal.o(i.setRowOffsets)
    i.write                                  0x08004ea0   Section        0  liquidcrystal.o(i.write)
    i.write4bits                             0x08004eac   Section        0  liquidcrystal.o(i.write4bits)
    i.write8bits                             0x08004ee0   Section        0  liquidcrystal.o(i.write8bits)
    .constdata                               0x08004f14   Section       16  system_stm32f3xx.o(.constdata)
    .constdata                               0x08004f24   Section        8  system_stm32f3xx.o(.constdata)
    .constdata                               0x08004f2c   Section       32  stm32f3xx_hal_rcc.o(.constdata)
    .data                                    0x20000000   Section        4  system_stm32f3xx.o(.data)
    .data                                    0x20000004   Section       88  stm32f3xx_it.o(.data)
    .data                                    0x2000005c   Section        4  main.o(.data)
    .data                                    0x20000060   Section        4  main.o(.data)
    .data                                    0x20000064   Section        4  main.o(.data)
    .data                                    0x20000068   Section        4  main.o(.data)
    .data                                    0x2000006c   Section        4  main.o(.data)
    .data                                    0x20000070   Section        4  main.o(.data)
    .data                                    0x20000074   Section        4  main.o(.data)
    .data                                    0x20000078   Section        8  main.o(.data)
    .data                                    0x20000080   Section        8  main.o(.data)
    .data                                    0x20000088   Section        8  main.o(.data)
    .data                                    0x20000090   Section        8  main.o(.data)
    .data                                    0x20000098   Section        8  main.o(.data)
    .data                                    0x200000a0   Section        8  main.o(.data)
    .data                                    0x200000a8   Section        8  main.o(.data)
    .data                                    0x200000b0   Section        8  main.o(.data)
    .data                                    0x200000b8   Section        8  main.o(.data)
    .data                                    0x200000c0   Section        8  main.o(.data)
    .data                                    0x200000c8   Section        8  main.o(.data)
    .data                                    0x200000d0   Section        8  main.o(.data)
    .data                                    0x200000d8   Section        8  main.o(.data)
    .data                                    0x200000e0   Section        8  main.o(.data)
    .data                                    0x200000e8   Section        8  main.o(.data)
    .data                                    0x200000f0   Section        8  main.o(.data)
    .data                                    0x200000f8   Section        8  main.o(.data)
    .data                                    0x20000100   Section        8  main.o(.data)
    .data                                    0x20000108   Section        8  main.o(.data)
    .data                                    0x20000110   Section        8  main.o(.data)
    .data                                    0x20000118   Section        4  main.o(.data)
    .data                                    0x2000011c   Section        4  main.o(.data)
    .data                                    0x20000120   Section        4  main.o(.data)
    .data                                    0x20000124   Section        1  main.o(.data)
    .data                                    0x20000128   Section       20  liquidcrystal.o(.data)
    .data                                    0x2000013c   Section       12  stm32f3xx_hal.o(.data)
    .data                                    0x20000148   Section        4  rand.o(.data)
    _rand_state                              0x20000148   Data           4  rand.o(.data)
    .bss                                     0x2000014c   Section      640  main.o(.bss)
    .bss                                     0x200003cc   Section     1500  main.o(.bss)
    .bss                                     0x200009a8   Section       16  liquidcrystal.o(.bss)
    STACK                                    0x200009b8   Section     1024  startup_stm32f303xc.o(STACK)

    Global Symbols

    Symbol Name                              Value     Ov Type        Size  Object(Section)

    BuildAttributes$$THM_ISAv4$E$P$D$K$B$S$7EM$VFPi3$EXTD16$VFPS$VFMA$PE$A:L22UL41UL21$X:L11$S22US41US21$IEEE1$IW$USESV6$~STKCKD$USESV7$~SHL$OSPACE$ROPI$EBA8$MICROLIB$REQ8$PRES8$EABIv2 0x00000000   Number         0  anon$$obj.o ABSOLUTE
    __ARM_use_no_argv                        0x00000000   Number         0  main.o ABSOLUTE
    _printf_a                                0x00000000   Number         0  stubs.o ABSOLUTE
    _printf_c                                0x00000000   Number         0  stubs.o ABSOLUTE
    _printf_charcount                        0x00000000   Number         0  stubs.o ABSOLUTE
    _printf_d                                0x00000000   Number         0  stubs.o ABSOLUTE
    _printf_e                                0x00000000   Number         0  stubs.o ABSOLUTE
    _printf_f                                0x00000000   Number         0  stubs.o ABSOLUTE
    _printf_flags                            0x00000000   Number         0  stubs.o ABSOLUTE
    _printf_fp_dec                           0x00000000   Number         0  stubs.o ABSOLUTE
    _printf_fp_hex                           0x00000000   Number         0  stubs.o ABSOLUTE
    _printf_g                                0x00000000   Number         0  stubs.o ABSOLUTE
    _printf_i                                0x00000000   Number         0  stubs.o ABSOLUTE
    _printf_int_dec                          0x00000000   Number         0  stubs.o ABSOLUTE
    _printf_l                                0x00000000   Number         0  stubs.o ABSOLUTE
    _printf_lc                               0x00000000   Number         0  stubs.o ABSOLUTE
    _printf_ll                               0x00000000   Number         0  stubs.o ABSOLUTE
    _printf_lld                              0x00000000   Number         0  stubs.o ABSOLUTE
    _printf_lli                              0x00000000   Number         0  stubs.o ABSOLUTE
    _printf_llo                              0x00000000   Number         0  stubs.o ABSOLUTE
    _printf_llu                              0x00000000   Number         0  stubs.o ABSOLUTE
    _printf_llx                              0x00000000   Number         0  stubs.o ABSOLUTE
    _printf_longlong_dec                     0x00000000   Number         0  stubs.o ABSOLUTE
    _printf_longlong_hex                     0x00000000   Number         0  stubs.o ABSOLUTE
    _printf_longlong_oct                     0x00000000   Number         0  stubs.o ABSOLUTE
    _printf_ls                               0x00000000   Number         0  stubs.o ABSOLUTE
    _printf_mbtowc                           0x00000000   Number         0  stubs.o ABSOLUTE
    _printf_n                                0x00000000   Number         0  stubs.o ABSOLUTE
    _printf_o                                0x00000000   Number         0  stubs.o ABSOLUTE
    _printf_p                                0x00000000   Number         0  stubs.o ABSOLUTE
    _printf_percent                          0x00000000   Number         0  stubs.o ABSOLUTE
    _printf_pre_padding                      0x00000000   Number         0  stubs.o ABSOLUTE
    _printf_return_value                     0x00000000   Number         0  stubs.o ABSOLUTE
    _printf_s                                0x00000000   Number         0  stubs.o ABSOLUTE
    _printf_sizespec                         0x00000000   Number         0  stubs.o ABSOLUTE
    _printf_str                              0x00000000   Number         0  stubs.o ABSOLUTE
    _printf_truncate_signed                  0x00000000   Number         0  stubs.o ABSOLUTE
    _printf_truncate_unsigned                0x00000000   Number         0  stubs.o ABSOLUTE
    _printf_u                                0x00000000   Number         0  stubs.o ABSOLUTE
    _printf_wc                               0x00000000   Number         0  stubs.o ABSOLUTE
    _printf_wctomb                           0x00000000   Number         0  stubs.o ABSOLUTE
    _printf_widthprec                        0x00000000   Number         0  stubs.o ABSOLUTE
    _printf_x                                0x00000000   Number         0  stubs.o ABSOLUTE
    __cpp_initialize__aeabi_                  - Undefined Weak Reference
    __cxa_finalize                            - Undefined Weak Reference
    _clock_init                               - Undefined Weak Reference
    _microlib_exit                            - Undefined Weak Reference
    __Vectors_Size                           0x00000188   Number         0  startup_stm32f303xc.o ABSOLUTE
    __Vectors                                0x08000000   Data           4  startup_stm32f303xc.o(RESET)
    __Vectors_End                            0x08000188   Data           0  startup_stm32f303xc.o(RESET)
    __main                                   0x08000189   Thumb Code     0  entry.o(.ARM.Collect$$$$00000000)
    _main_stk                                0x08000189   Thumb Code     0  entry2.o(.ARM.Collect$$$$00000001)
    _main_scatterload                        0x0800018d   Thumb Code     0  entry5.o(.ARM.Collect$$$$00000004)
    __main_after_scatterload                 0x08000191   Thumb Code     0  entry5.o(.ARM.Collect$$$$00000004)
    _main_clock                              0x08000191   Thumb Code     0  entry7b.o(.ARM.Collect$$$$00000008)
    _main_cpp_init                           0x08000191   Thumb Code     0  entry8b.o(.ARM.Collect$$$$0000000A)
    _main_init                               0x08000191   Thumb Code     0  entry9a.o(.ARM.Collect$$$$0000000B)
    __rt_final_cpp                           0x08000199   Thumb Code     0  entry10a.o(.ARM.Collect$$$$0000000D)
    __rt_final_exit                          0x08000199   Thumb Code     0  entry11a.o(.ARM.Collect$$$$0000000F)
    Reset_Handler                            0x0800019d   Thumb Code     8  startup_stm32f303xc.o(.text)
    NMI_Handler                              0x080001a5   Thumb Code     2  startup_stm32f303xc.o(.text)
    HardFault_Handler                        0x080001a7   Thumb Code     2  startup_stm32f303xc.o(.text)
    MemManage_Handler                        0x080001a9   Thumb Code     2  startup_stm32f303xc.o(.text)
    BusFault_Handler                         0x080001ab   Thumb Code     2  startup_stm32f303xc.o(.text)
    UsageFault_Handler                       0x080001ad   Thumb Code     2  startup_stm32f303xc.o(.text)
    SVC_Handler                              0x080001af   Thumb Code     2  startup_stm32f303xc.o(.text)
    DebugMon_Handler                         0x080001b1   Thumb Code     2  startup_stm32f303xc.o(.text)
    PendSV_Handler                           0x080001b3   Thumb Code     2  startup_stm32f303xc.o(.text)
    ADC3_IRQHandler                          0x080001b7   Thumb Code     0  startup_stm32f303xc.o(.text)
    ADC4_IRQHandler                          0x080001b7   Thumb Code     0  startup_stm32f303xc.o(.text)
    CAN_RX1_IRQHandler                       0x080001b7   Thumb Code     0  startup_stm32f303xc.o(.text)
    CAN_SCE_IRQHandler                       0x080001b7   Thumb Code     0  startup_stm32f303xc.o(.text)
    COMP1_2_3_IRQHandler                     0x080001b7   Thumb Code     0  startup_stm32f303xc.o(.text)
    COMP4_5_6_IRQHandler                     0x080001b7   Thumb Code     0  startup_stm32f303xc.o(.text)
    COMP7_IRQHandler                         0x080001b7   Thumb Code     0  startup_stm32f303xc.o(.text)
    DMA1_Channel1_IRQHandler                 0x080001b7   Thumb Code     0  startup_stm32f303xc.o(.text)
    DMA1_Channel2_IRQHandler                 0x080001b7   Thumb Code     0  startup_stm32f303xc.o(.text)
    DMA1_Channel3_IRQHandler                 0x080001b7   Thumb Code     0  startup_stm32f303xc.o(.text)
    DMA1_Channel4_IRQHandler                 0x080001b7   Thumb Code     0  startup_stm32f303xc.o(.text)
    DMA1_Channel5_IRQHandler                 0x080001b7   Thumb Code     0  startup_stm32f303xc.o(.text)
    DMA1_Channel6_IRQHandler                 0x080001b7   Thumb Code     0  startup_stm32f303xc.o(.text)
    DMA1_Channel7_IRQHandler                 0x080001b7   Thumb Code     0  startup_stm32f303xc.o(.text)
    DMA2_Channel1_IRQHandler                 0x080001b7   Thumb Code     0  startup_stm32f303xc.o(.text)
    DMA2_Channel2_IRQHandler                 0x080001b7   Thumb Code     0  startup_stm32f303xc.o(.text)
    DMA2_Channel3_IRQHandler                 0x080001b7   Thumb Code     0  startup_stm32f303xc.o(.text)
    DMA2_Channel4_IRQHandler                 0x080001b7   Thumb Code     0  startup_stm32f303xc.o(.text)
    DMA2_Channel5_IRQHandler                 0x080001b7   Thumb Code     0  startup_stm32f303xc.o(.text)
    EXTI0_IRQHandler                         0x080001b7   Thumb Code     0  startup_stm32f303xc.o(.text)
    EXTI1_IRQHandler                         0x080001b7   Thumb Code     0  startup_stm32f303xc.o(.text)
    EXTI2_TSC_IRQHandler                     0x080001b7   Thumb Code     0  startup_stm32f303xc.o(.text)
    EXTI3_IRQHandler                         0x080001b7   Thumb Code     0  startup_stm32f303xc.o(.text)
    EXTI4_IRQHandler                         0x080001b7   Thumb Code     0  startup_stm32f303xc.o(.text)
    FLASH_IRQHandler                         0x080001b7   Thumb Code     0  startup_stm32f303xc.o(.text)
    FPU_IRQHandler                           0x080001b7   Thumb Code     0  startup_stm32f303xc.o(.text)
    I2C1_ER_IRQHandler                       0x080001b7   Thumb Code     0  startup_stm32f303xc.o(.text)
    I2C1_EV_IRQHandler                       0x080001b7   Thumb Code     0  startup_stm32f303xc.o(.text)
    I2C2_ER_IRQHandler                       0x080001b7   Thumb Code     0  startup_stm32f303xc.o(.text)
    I2C2_EV_IRQHandler                       0x080001b7   Thumb Code     0  startup_stm32f303xc.o(.text)
    PVD_IRQHandler                           0x080001b7   Thumb Code     0  startup_stm32f303xc.o(.text)
    RCC_IRQHandler                           0x080001b7   Thumb Code     0  startup_stm32f303xc.o(.text)
    RTC_Alarm_IRQHandler                     0x080001b7   Thumb Code     0  startup_stm32f303xc.o(.text)
    RTC_WKUP_IRQHandler                      0x080001b7   Thumb Code     0  startup_stm32f303xc.o(.text)
    SPI1_IRQHandler                          0x080001b7   Thumb Code     0  startup_stm32f303xc.o(.text)
    SPI2_IRQHandler                          0x080001b7   Thumb Code     0  startup_stm32f303xc.o(.text)
    SPI3_IRQHandler                          0x080001b7   Thumb Code     0  startup_stm32f303xc.o(.text)
    TAMP_STAMP_IRQHandler                    0x080001b7   Thumb Code     0  startup_stm32f303xc.o(.text)
    TIM1_BRK_TIM15_IRQHandler                0x080001b7   Thumb Code     0  startup_stm32f303xc.o(.text)
    TIM1_CC_IRQHandler                       0x080001b7   Thumb Code     0  startup_stm32f303xc.o(.text)
    TIM1_TRG_COM_TIM17_IRQHandler            0x080001b7   Thumb Code     0  startup_stm32f303xc.o(.text)
    TIM1_UP_TIM16_IRQHandler                 0x080001b7   Thumb Code     0  startup_stm32f303xc.o(.text)
    TIM6_DAC_IRQHandler                      0x080001b7   Thumb Code     0  startup_stm32f303xc.o(.text)
    TIM7_IRQHandler                          0x080001b7   Thumb Code     0  startup_stm32f303xc.o(.text)
    TIM8_BRK_IRQHandler                      0x080001b7   Thumb Code     0  startup_stm32f303xc.o(.text)
    TIM8_CC_IRQHandler                       0x080001b7   Thumb Code     0  startup_stm32f303xc.o(.text)
    TIM8_TRG_COM_IRQHandler                  0x080001b7   Thumb Code     0  startup_stm32f303xc.o(.text)
    TIM8_UP_IRQHandler                       0x080001b7   Thumb Code     0  startup_stm32f303xc.o(.text)
    UART4_IRQHandler                         0x080001b7   Thumb Code     0  startup_stm32f303xc.o(.text)
    UART5_IRQHandler                         0x080001b7   Thumb Code     0  startup_stm32f303xc.o(.text)
    USART1_IRQHandler                        0x080001b7   Thumb Code     0  startup_stm32f303xc.o(.text)
    USART3_IRQHandler                        0x080001b7   Thumb Code     0  startup_stm32f303xc.o(.text)
    USBWakeUp_IRQHandler                     0x080001b7   Thumb Code     0  startup_stm32f303xc.o(.text)
    USBWakeUp_RMP_IRQHandler                 0x080001b7   Thumb Code     0  startup_stm32f303xc.o(.text)
    USB_HP_CAN_TX_IRQHandler                 0x080001b7   Thumb Code     0  startup_stm32f303xc.o(.text)
    USB_HP_IRQHandler                        0x080001b7   Thumb Code     0  startup_stm32f303xc.o(.text)
    USB_LP_CAN_RX0_IRQHandler                0x080001b7   Thumb Code     0  startup_stm32f303xc.o(.text)
    USB_LP_IRQHandler                        0x080001b7   Thumb Code     0  startup_stm32f303xc.o(.text)
    WWDG_IRQHandler                          0x080001b7   Thumb Code     0  startup_stm32f303xc.o(.text)
    rand                                     0x080001c1   Thumb Code    20  rand.o(.text)
    srand                                    0x080001d5   Thumb Code     6  rand.o(.text)
    strlen                                   0x080001e5   Thumb Code    14  strlen.o(.text)
    __aeabi_uidiv                            0x080001f3   Thumb Code     0  uidiv.o(.text)
    __aeabi_uidivmod                         0x080001f3   Thumb Code    44  uidiv.o(.text)
    __scatterload                            0x08000221   Thumb Code    28  init.o(.text)
    __scatterload_rt2                        0x08000221   Thumb Code     0  init.o(.text)
    __decompress                             0x08000245   Thumb Code     0  __dczerorl2.o(.text)
    __decompress1                            0x08000245   Thumb Code    86  __dczerorl2.o(.text)
    ADC1_2_IRQHandler                        0x0800029d   Thumb Code    78  stm32f3xx_it.o(i.ADC1_2_IRQHandler)
    EXTI15_10_IRQHandler                     0x080003b9   Thumb Code   408  stm32f3xx_it.o(i.EXTI15_10_IRQHandler)
    EXTI9_5_IRQHandler                       0x08000569   Thumb Code   294  stm32f3xx_it.o(i.EXTI9_5_IRQHandler)
    HAL_ADCEx_InjectedConvCpltCallback       0x0800069d   Thumb Code     2  stm32f3xx_hal_adc_ex.o(i.HAL_ADCEx_InjectedConvCpltCallback)
    HAL_ADCEx_InjectedQueueOverflowCallback  0x0800069f   Thumb Code     2  stm32f3xx_hal_adc_ex.o(i.HAL_ADCEx_InjectedQueueOverflowCallback)
    HAL_ADCEx_LevelOutOfWindow2Callback      0x080006a1   Thumb Code     2  stm32f3xx_hal_adc_ex.o(i.HAL_ADCEx_LevelOutOfWindow2Callback)
    HAL_ADCEx_LevelOutOfWindow3Callback      0x080006a3   Thumb Code     2  stm32f3xx_hal_adc_ex.o(i.HAL_ADCEx_LevelOutOfWindow3Callback)
    HAL_ADC_ConfigChannel                    0x080006a5   Thumb Code   884  stm32f3xx_hal_adc_ex.o(i.HAL_ADC_ConfigChannel)
    HAL_ADC_ConvCpltCallback                 0x08000a39   Thumb Code     2  stm32f3xx_hal_adc.o(i.HAL_ADC_ConvCpltCallback)
    HAL_ADC_ErrorCallback                    0x08000a3b   Thumb Code     2  stm32f3xx_hal_adc.o(i.HAL_ADC_ErrorCallback)
    HAL_ADC_GetValue                         0x08000a3d   Thumb Code     6  stm32f3xx_hal_adc_ex.o(i.HAL_ADC_GetValue)
    HAL_ADC_IRQHandler                       0x08000a45   Thumb Code   790  stm32f3xx_hal_adc_ex.o(i.HAL_ADC_IRQHandler)
    HAL_ADC_Init                             0x08000d6d   Thumb Code   546  stm32f3xx_hal_adc_ex.o(i.HAL_ADC_Init)
    HAL_ADC_LevelOutOfWindowCallback         0x08000fb5   Thumb Code     2  stm32f3xx_hal_adc.o(i.HAL_ADC_LevelOutOfWindowCallback)
    HAL_ADC_MspInit                          0x08000fb9   Thumb Code    70  stm32f3xx_hal_msp.o(i.HAL_ADC_MspInit)
    HAL_ADC_Start_IT                         0x0800100d   Thumb Code   370  stm32f3xx_hal_adc_ex.o(i.HAL_ADC_Start_IT)
    HAL_DMA_Abort_IT                         0x0800118d   Thumb Code    74  stm32f3xx_hal_dma.o(i.HAL_DMA_Abort_IT)
    HAL_Delay                                0x080011d9   Thumb Code    32  stm32f3xx_hal.o(i.HAL_Delay)
    HAL_GPIO_EXTI_Callback                   0x080011fd   Thumb Code     2  stm32f3xx_hal_gpio.o(i.HAL_GPIO_EXTI_Callback)
    HAL_GPIO_EXTI_IRQHandler                 0x08001201   Thumb Code    18  stm32f3xx_hal_gpio.o(i.HAL_GPIO_EXTI_IRQHandler)
    HAL_GPIO_Init                            0x08001219   Thumb Code   364  stm32f3xx_hal_gpio.o(i.HAL_GPIO_Init)
    HAL_GPIO_ReadPin                         0x080013a1   Thumb Code    10  stm32f3xx_hal_gpio.o(i.HAL_GPIO_ReadPin)
    HAL_GPIO_WritePin                        0x080013ab   Thumb Code    10  stm32f3xx_hal_gpio.o(i.HAL_GPIO_WritePin)
    HAL_GetTick                              0x080013b5   Thumb Code     6  stm32f3xx_hal.o(i.HAL_GetTick)
    HAL_I2CEx_ConfigAnalogFilter             0x080013c1   Thumb Code    86  stm32f3xx_hal_i2c_ex.o(i.HAL_I2CEx_ConfigAnalogFilter)
    HAL_I2CEx_ConfigDigitalFilter            0x08001417   Thumb Code    82  stm32f3xx_hal_i2c_ex.o(i.HAL_I2CEx_ConfigDigitalFilter)
    HAL_I2C_Init                             0x08001469   Thumb Code   178  stm32f3xx_hal_i2c.o(i.HAL_I2C_Init)
    HAL_I2C_MspInit                          0x08001521   Thumb Code    62  stm32f3xx_hal_msp.o(i.HAL_I2C_MspInit)
    HAL_IncTick                              0x0800156d   Thumb Code    12  stm32f3xx_hal.o(i.HAL_IncTick)
    HAL_Init                                 0x0800157d   Thumb Code    32  stm32f3xx_hal.o(i.HAL_Init)
    HAL_InitTick                             0x080015a1   Thumb Code    54  stm32f3xx_hal.o(i.HAL_InitTick)
    HAL_MspInit                              0x080015e1   Thumb Code   106  stm32f3xx_hal_msp.o(i.HAL_MspInit)
    HAL_NVIC_EnableIRQ                       0x08001651   Thumb Code    22  stm32f3xx_hal_cortex.o(i.HAL_NVIC_EnableIRQ)
    HAL_NVIC_SetPriority                     0x08001669   Thumb Code    60  stm32f3xx_hal_cortex.o(i.HAL_NVIC_SetPriority)
    HAL_NVIC_SetPriorityGrouping             0x080016a9   Thumb Code    26  stm32f3xx_hal_cortex.o(i.HAL_NVIC_SetPriorityGrouping)
    HAL_PCD_Init                             0x080016cd   Thumb Code   166  stm32f3xx_hal_pcd.o(i.HAL_PCD_Init)
    HAL_PCD_MspInit                          0x08001775   Thumb Code    66  stm32f3xx_hal_msp.o(i.HAL_PCD_MspInit)
    HAL_RCCEx_PeriphCLKConfig                0x080017c1   Thumb Code   522  stm32f3xx_hal_rcc_ex.o(i.HAL_RCCEx_PeriphCLKConfig)
    HAL_RCC_ClockConfig                      0x080019d9   Thumb Code   374  stm32f3xx_hal_rcc.o(i.HAL_RCC_ClockConfig)
    HAL_RCC_GetHCLKFreq                      0x08001b61   Thumb Code     6  stm32f3xx_hal_rcc.o(i.HAL_RCC_GetHCLKFreq)
    HAL_RCC_GetPCLK1Freq                     0x08001b6d   Thumb Code    34  stm32f3xx_hal_rcc.o(i.HAL_RCC_GetPCLK1Freq)
    HAL_RCC_GetPCLK2Freq                     0x08001b9d   Thumb Code    34  stm32f3xx_hal_rcc.o(i.HAL_RCC_GetPCLK2Freq)
    HAL_RCC_GetSysClockFreq                  0x08001bcd   Thumb Code    84  stm32f3xx_hal_rcc.o(i.HAL_RCC_GetSysClockFreq)
    HAL_RCC_OscConfig                        0x08001c31   Thumb Code  1452  stm32f3xx_hal_rcc.o(i.HAL_RCC_OscConfig)
    HAL_SPI_Init                             0x080021dd   Thumb Code   182  stm32f3xx_hal_spi.o(i.HAL_SPI_Init)
    HAL_SPI_MspInit                          0x08002295   Thumb Code    64  stm32f3xx_hal_msp.o(i.HAL_SPI_MspInit)
    HAL_SYSTICK_CLKSourceConfig              0x080022dd   Thumb Code    24  stm32f3xx_hal_cortex.o(i.HAL_SYSTICK_CLKSourceConfig)
    HAL_SYSTICK_Callback                     0x080022f5   Thumb Code     2  stm32f3xx_hal_cortex.o(i.HAL_SYSTICK_Callback)
    HAL_SYSTICK_Config                       0x080022f7   Thumb Code    40  stm32f3xx_hal_cortex.o(i.HAL_SYSTICK_Config)
    HAL_SYSTICK_IRQHandler                   0x0800231f   Thumb Code     8  stm32f3xx_hal_cortex.o(i.HAL_SYSTICK_IRQHandler)
    HAL_TIMEx_Break2Callback                 0x08002327   Thumb Code     2  stm32f3xx_hal_tim_ex.o(i.HAL_TIMEx_Break2Callback)
    HAL_TIMEx_BreakCallback                  0x08002329   Thumb Code     2  stm32f3xx_hal_tim_ex.o(i.HAL_TIMEx_BreakCallback)
    HAL_TIMEx_CommutationCallback            0x0800232b   Thumb Code     2  stm32f3xx_hal_tim_ex.o(i.HAL_TIMEx_CommutationCallback)
    HAL_TIMEx_MasterConfigSynchronization    0x0800232d   Thumb Code    78  stm32f3xx_hal_tim_ex.o(i.HAL_TIMEx_MasterConfigSynchronization)
    HAL_TIM_Base_Init                        0x08002385   Thumb Code    54  stm32f3xx_hal_tim.o(i.HAL_TIM_Base_Init)
    HAL_TIM_Base_MspInit                     0x080023bd   Thumb Code   122  stm32f3xx_hal_msp.o(i.HAL_TIM_Base_MspInit)
    HAL_TIM_Base_Start_IT                    0x08002445   Thumb Code    24  stm32f3xx_hal_tim.o(i.HAL_TIM_Base_Start_IT)
    HAL_TIM_Base_Stop_IT                     0x0800245d   Thumb Code    42  stm32f3xx_hal_tim.o(i.HAL_TIM_Base_Stop_IT)
    HAL_TIM_ConfigClockSource                0x08002489   Thumb Code   246  stm32f3xx_hal_tim.o(i.HAL_TIM_ConfigClockSource)
    HAL_TIM_IC_CaptureCallback               0x08002585   Thumb Code     2  stm32f3xx_hal_tim.o(i.HAL_TIM_IC_CaptureCallback)
    HAL_TIM_IRQHandler                       0x08002587   Thumb Code   388  stm32f3xx_hal_tim.o(i.HAL_TIM_IRQHandler)
    HAL_TIM_OC_DelayElapsedCallback          0x0800270b   Thumb Code     2  stm32f3xx_hal_tim.o(i.HAL_TIM_OC_DelayElapsedCallback)
    HAL_TIM_PWM_PulseFinishedCallback        0x0800270d   Thumb Code     2  stm32f3xx_hal_tim.o(i.HAL_TIM_PWM_PulseFinishedCallback)
    HAL_TIM_PeriodElapsedCallback            0x0800270f   Thumb Code     2  stm32f3xx_hal_tim.o(i.HAL_TIM_PeriodElapsedCallback)
    HAL_TIM_TriggerCallback                  0x08002711   Thumb Code     2  stm32f3xx_hal_tim.o(i.HAL_TIM_TriggerCallback)
    HAL_UARTEx_WakeupCallback                0x08002713   Thumb Code     2  stm32f3xx_hal_uart_ex.o(i.HAL_UARTEx_WakeupCallback)
    HAL_UART_ErrorCallback                   0x08002715   Thumb Code     2  stm32f3xx_hal_uart.o(i.HAL_UART_ErrorCallback)
    HAL_UART_IRQHandler                      0x08002719   Thumb Code   316  stm32f3xx_hal_uart.o(i.HAL_UART_IRQHandler)
    HAL_UART_Init                            0x08002859   Thumb Code   106  stm32f3xx_hal_uart.o(i.HAL_UART_Init)
    HAL_UART_MspInit                         0x080028c5   Thumb Code    80  stm32f3xx_hal_msp.o(i.HAL_UART_MspInit)
    HAL_UART_Receive_IT                      0x0800291d   Thumb Code   122  stm32f3xx_hal_uart.o(i.HAL_UART_Receive_IT)
    HAL_UART_RxCpltCallback                  0x08002997   Thumb Code     2  stm32f3xx_hal_uart.o(i.HAL_UART_RxCpltCallback)
    HAL_UART_TxCpltCallback                  0x08002999   Thumb Code     2  stm32f3xx_hal_uart.o(i.HAL_UART_TxCpltCallback)
    LiquidCrystal                            0x0800299d   Thumb Code    66  liquidcrystal.o(i.LiquidCrystal)
    SysTick_Handler                          0x08002ee9   Thumb Code    14  stm32f3xx_it.o(i.SysTick_Handler)
    SystemClock_Config                       0x08002ef9   Thumb Code   138  main.o(i.SystemClock_Config)
    SystemInit                               0x08002f89   Thumb Code    82  system_stm32f3xx.o(i.SystemInit)
    TIM2_IRQHandler                          0x08002ff1   Thumb Code   794  stm32f3xx_it.o(i.TIM2_IRQHandler)
    TIM3_IRQHandler                          0x0800332d   Thumb Code  1596  stm32f3xx_it.o(i.TIM3_IRQHandler)
    TIM4_IRQHandler                          0x08003971   Thumb Code   266  stm32f3xx_it.o(i.TIM4_IRQHandler)
    TIM_Base_SetConfig                       0x08003a99   Thumb Code   146  stm32f3xx_hal_tim.o(i.TIM_Base_SetConfig)
    TIM_ETR_SetConfig                        0x08003b49   Thumb Code    20  stm32f3xx_hal_tim.o(i.TIM_ETR_SetConfig)
    UART_AdvFeatureConfig                    0x08003bb3   Thumb Code   200  stm32f3xx_hal_uart.o(i.UART_AdvFeatureConfig)
    UART_CheckIdleState                      0x08003c7b   Thumb Code    92  stm32f3xx_hal_uart.o(i.UART_CheckIdleState)
    UART_EndTransmit_IT                      0x08003d07   Thumb Code    26  stm32f3xx_hal_uart.o(i.UART_EndTransmit_IT)
    UART_Receive_IT                          0x08003d21   Thumb Code   118  stm32f3xx_hal_uart.o(i.UART_Receive_IT)
    UART_SetConfig                           0x08003d99   Thumb Code   434  stm32f3xx_hal_uart.o(i.UART_SetConfig)
    UART_Transmit_IT                         0x08003f6d   Thumb Code   100  stm32f3xx_hal_uart.o(i.UART_Transmit_IT)
    UART_WaitOnFlagUntilTimeout              0x08003fd1   Thumb Code   100  stm32f3xx_hal_uart.o(i.UART_WaitOnFlagUntilTimeout)
    USART2_IRQHandler                        0x08004035   Thumb Code    84  stm32f3xx_it.o(i.USART2_IRQHandler)
    _Error_Handler                           0x08004095   Thumb Code     2  main.o(i._Error_Handler)
    __0sprintf$6                             0x08004099   Thumb Code    34  printf6.o(i.__0sprintf$6)
    __1sprintf$6                             0x08004099   Thumb Code     0  printf6.o(i.__0sprintf$6)
    __2sprintf                               0x08004099   Thumb Code     0  printf6.o(i.__0sprintf$6)
    __scatterload_copy                       0x080040c1   Thumb Code    14  handlers.o(i.__scatterload_copy)
    __scatterload_null                       0x080040cf   Thumb Code     2  handlers.o(i.__scatterload_null)
    __scatterload_zeroinit                   0x080040d1   Thumb Code    14  handlers.o(i.__scatterload_zeroinit)
    apple                                    0x0800442d   Thumb Code   598  stm32f3xx_it.o(i.apple)
    begin                                    0x080046ad   Thumb Code   304  liquidcrystal.o(i.begin)
    checkemt                                 0x080047e5   Thumb Code   228  stm32f3xx_it.o(i.checkemt)
    checkfl                                  0x080048d9   Thumb Code   110  stm32f3xx_it.o(i.checkfl)
    checkij                                  0x0800495d   Thumb Code   192  stm32f3xx_it.o(i.checkij)
    clear                                    0x08004a49   Thumb Code    18  liquidcrystal.o(i.clear)
    command                                  0x08004a5b   Thumb Code     6  liquidcrystal.o(i.command)
    createChar                               0x08004a61   Thumb Code    36  liquidcrystal.o(i.createChar)
    display                                  0x08004a85   Thumb Code    18  liquidcrystal.o(i.display)
    enableClock                              0x08004a9d   Thumb Code   142  liquidcrystal.o(i.enableClock)
    home                                     0x08004b49   Thumb Code    18  liquidcrystal.o(i.home)
    init                                     0x08004b5d   Thumb Code    72  liquidcrystal.o(i.init)
    lastcheck                                0x08004bad   Thumb Code   190  stm32f3xx_it.o(i.lastcheck)
    main                                     0x08004c79   Thumb Code   180  main.o(i.main)
    mjl                                      0x08004d41   Thumb Code    32  stm32f3xx_it.o(i.mjl)
    numbertobcd                              0x08004d61   Thumb Code    88  stm32f3xx_it.o(i.numbertobcd)
    print                                    0x08004dbd   Thumb Code    40  liquidcrystal.o(i.print)
    pulseEnable                              0x08004de5   Thumb Code    56  liquidcrystal.o(i.pulseEnable)
    send                                     0x08004e21   Thumb Code    62  liquidcrystal.o(i.send)
    setCursor                                0x08004e65   Thumb Code    36  liquidcrystal.o(i.setCursor)
    setRowOffsets                            0x08004e8d   Thumb Code    14  liquidcrystal.o(i.setRowOffsets)
    write                                    0x08004ea1   Thumb Code    12  liquidcrystal.o(i.write)
    write4bits                               0x08004ead   Thumb Code    44  liquidcrystal.o(i.write4bits)
    write8bits                               0x08004ee1   Thumb Code    44  liquidcrystal.o(i.write8bits)
    AHBPrescTable                            0x08004f14   Data          16  system_stm32f3xx.o(.constdata)
    APBPrescTable                            0x08004f24   Data           8  system_stm32f3xx.o(.constdata)
    aPLLMULFactorTable                       0x08004f2c   Data          16  stm32f3xx_hal_rcc.o(.constdata)
    aPredivFactorTable                       0x08004f3c   Data          16  stm32f3xx_hal_rcc.o(.constdata)
    Region$$Table$$Base                      0x08004f4c   Number         0  anon$$obj.o(Region$$Table)
    Region$$Table$$Limit                     0x08004f6c   Number         0  anon$$obj.o(Region$$Table)
    SystemCoreClock                          0x20000000   Data           4  system_stm32f3xx.o(.data)
    stop                                     0x20000004   Data           4  stm32f3xx_it.o(.data)
    avlm                                     0x20000008   Data           4  stm32f3xx_it.o(.data)
    oldsp                                    0x2000000c   Data           4  stm32f3xx_it.o(.data)
    pc                                       0x20000010   Data           4  stm32f3xx_it.o(.data)
    dpc                                      0x20000014   Data           4  stm32f3xx_it.o(.data)
    sum                                      0x20000018   Data           4  stm32f3xx_it.o(.data)
    chng                                     0x2000001c   Data           4  stm32f3xx_it.o(.data)
    d                                        0x20000020   Data           4  stm32f3xx_it.o(.data)
    tim                                      0x20000024   Data           4  stm32f3xx_it.o(.data)
    vc                                       0x20000028   Data           4  stm32f3xx_it.o(.data)
    ti                                       0x2000002c   Data           4  stm32f3xx_it.o(.data)
    tj                                       0x20000030   Data           4  stm32f3xx_it.o(.data)
    p1tick                                   0x20000034   Data           4  stm32f3xx_it.o(.data)
    p2tick                                   0x20000038   Data           4  stm32f3xx_it.o(.data)
    p3tick                                   0x2000003c   Data           4  stm32f3xx_it.o(.data)
    p4tick                                   0x20000040   Data           4  stm32f3xx_it.o(.data)
    p5tick                                   0x20000044   Data           4  stm32f3xx_it.o(.data)
    p6tick                                   0x20000048   Data           4  stm32f3xx_it.o(.data)
    p7tick                                   0x2000004c   Data           4  stm32f3xx_it.o(.data)
    rel                                      0x20000050   Data           4  stm32f3xx_it.o(.data)
    rej                                      0x20000054   Data           4  stm32f3xx_it.o(.data)
    adad                                     0x20000058   Data           4  stm32f3xx_it.o(.data)
    shuru                                    0x2000005c   Data           4  main.o(.data)
    i                                        0x20000060   Data           4  main.o(.data)
    j                                        0x20000064   Data           4  main.o(.data)
    f                                        0x20000068   Data           4  main.o(.data)
    l                                        0x2000006c   Data           4  main.o(.data)
    le                                       0x20000070   Data           4  main.o(.data)
    speed                                    0x20000074   Data           4  main.o(.data)
    nghte                                    0x20000078   Data           8  main.o(.data)
    up                                       0x20000080   Data           8  main.o(.data)
    upvsib                                   0x20000088   Data           8  main.o(.data)
    dwnvsib                                  0x20000090   Data           8  main.o(.data)
    usib                                     0x20000098   Data           8  main.o(.data)
    dsib                                     0x200000a0   Data           8  main.o(.data)
    dwn                                      0x200000a8   Data           8  main.o(.data)
    dota                                     0x200000b0   Data           8  main.o(.data)
    astin2                                   0x200000b8   Data           8  main.o(.data)
    shast                                    0x200000c0   Data           8  main.o(.data)
    dast                                     0x200000c8   Data           8  main.o(.data)
    avalsar                                  0x200000d0   Data           8  main.o(.data)
    dahan                                    0x200000d8   Data           8  main.o(.data)
    kolebadn                                 0x200000e0   Data           8  main.o(.data)
    siah                                     0x200000e8   Data           8  main.o(.data)
    sarebar                                  0x200000f0   Data           8  main.o(.data)
    tahebar                                  0x200000f8   Data           8  main.o(.data)
    badanebar                                0x20000100   Data           8  main.o(.data)
    harbar                                   0x20000108   Data           8  main.o(.data)
    dobar                                    0x20000110   Data           8  main.o(.data)
    x                                        0x20000118   Data           4  main.o(.data)
    y                                        0x2000011c   Data           4  main.o(.data)
    cnt                                      0x20000120   Data           4  main.o(.data)
    data                                     0x20000124   Data           1  main.o(.data)
    _fourbit_mode                            0x20000128   Data           1  liquidcrystal.o(.data)
    dotsize                                  0x20000129   Data           1  liquidcrystal.o(.data)
    _displayfunction                         0x2000012a   Data           1  liquidcrystal.o(.data)
    _displaycontrol                          0x2000012b   Data           1  liquidcrystal.o(.data)
    _displaymode                             0x2000012c   Data           1  liquidcrystal.o(.data)
    _numlines                                0x2000012d   Data           1  liquidcrystal.o(.data)
    _rs_pin                                  0x2000012e   Data           2  liquidcrystal.o(.data)
    _rw_pin                                  0x20000130   Data           2  liquidcrystal.o(.data)
    _enable_pin                              0x20000132   Data           2  liquidcrystal.o(.data)
    _port                                    0x20000134   Data           4  liquidcrystal.o(.data)
    _row_offsets                             0x20000138   Data           4  liquidcrystal.o(.data)
    uwTickFreq                               0x2000013c   Data           1  stm32f3xx_hal.o(.data)
    uwTickPrio                               0x20000140   Data           4  stm32f3xx_hal.o(.data)
    uwTick                                   0x20000144   Data           4  stm32f3xx_hal.o(.data)
    arr                                      0x2000014c   Data         640  main.o(.bss)
    hadc2                                    0x200003cc   Data          84  main.o(.bss)
    hi2c1                                    0x20000420   Data          76  main.o(.bss)
    hspi1                                    0x2000046c   Data         100  main.o(.bss)
    htim2                                    0x200004d0   Data          64  main.o(.bss)
    htim3                                    0x20000510   Data          64  main.o(.bss)
    htim4                                    0x20000550   Data          64  main.o(.bss)
    huart2                                   0x20000590   Data         112  main.o(.bss)
    hpcd_USB_FS                              0x20000600   Data         936  main.o(.bss)
    _data_pins                               0x200009a8   Data          16  liquidcrystal.o(.bss)
    __initial_sp                             0x20000db8   Data           0  startup_stm32f303xc.o(STACK)



==============================================================================

Memory Map of the image

  Image Entry point : 0x08000189

  Load Region LR_IROM1 (Base: 0x08000000, Size: 0x000050b8, Max: 0x00040000, ABSOLUTE, COMPRESSED[0x00004fd8])

    Execution Region ER_IROM1 (Exec base: 0x08000000, Load base: 0x08000000, Size: 0x00004f6c, Max: 0x00040000, ABSOLUTE)

    Exec Addr    Load Addr    Size         Type   Attr      Idx    E Section Name        Object

    0x08000000   0x08000000   0x00000188   Data   RO            3    RESET               startup_stm32f303xc.o
    0x08000188   0x08000188   0x00000000   Code   RO         4504  * .ARM.Collect$$$$00000000  mc_w.l(entry.o)
    0x08000188   0x08000188   0x00000004   Code   RO         4779    .ARM.Collect$$$$00000001  mc_w.l(entry2.o)
    0x0800018c   0x0800018c   0x00000004   Code   RO         4782    .ARM.Collect$$$$00000004  mc_w.l(entry5.o)
    0x08000190   0x08000190   0x00000000   Code   RO         4784    .ARM.Collect$$$$00000008  mc_w.l(entry7b.o)
    0x08000190   0x08000190   0x00000000   Code   RO         4786    .ARM.Collect$$$$0000000A  mc_w.l(entry8b.o)
    0x08000190   0x08000190   0x00000008   Code   RO         4787    .ARM.Collect$$$$0000000B  mc_w.l(entry9a.o)
    0x08000198   0x08000198   0x00000000   Code   RO         4789    .ARM.Collect$$$$0000000D  mc_w.l(entry10a.o)
    0x08000198   0x08000198   0x00000000   Code   RO         4791    .ARM.Collect$$$$0000000F  mc_w.l(entry11a.o)
    0x08000198   0x08000198   0x00000004   Code   RO         4780    .ARM.Collect$$$$00002712  mc_w.l(entry2.o)
    0x0800019c   0x0800019c   0x00000024   Code   RO            4    .text               startup_stm32f303xc.o
    0x080001c0   0x080001c0   0x00000024   Code   RO         4509    .text               mc_w.l(rand.o)
    0x080001e4   0x080001e4   0x0000000e   Code   RO         4514    .text               mc_w.l(strlen.o)
    0x080001f2   0x080001f2   0x0000002c   Code   RO         4796    .text               mc_w.l(uidiv.o)
    0x0800021e   0x0800021e   0x00000002   PAD
    0x08000220   0x08000220   0x00000024   Code   RO         4811    .text               mc_w.l(init.o)
    0x08000244   0x08000244   0x00000056   Code   RO         4829    .text               mc_w.l(__dczerorl2.o)
    0x0800029a   0x0800029a   0x00000002   PAD
    0x0800029c   0x0800029c   0x00000058   Code   RO          262    i.ADC1_2_IRQHandler  stm32f3xx_it.o
    0x080002f4   0x080002f4   0x00000062   Code   RO         4247    i.ADC_Disable       stm32f3xx_hal_adc_ex.o
    0x08000356   0x08000356   0x00000002   PAD
    0x08000358   0x08000358   0x00000060   Code   RO         4248    i.ADC_Enable        stm32f3xx_hal_adc_ex.o
    0x080003b8   0x080003b8   0x000001b0   Code   RO          263    i.EXTI15_10_IRQHandler  stm32f3xx_it.o
    0x08000568   0x08000568   0x00000134   Code   RO          264    i.EXTI9_5_IRQHandler  stm32f3xx_it.o
    0x0800069c   0x0800069c   0x00000002   Code   RO         4253    i.HAL_ADCEx_InjectedConvCpltCallback  stm32f3xx_hal_adc_ex.o
    0x0800069e   0x0800069e   0x00000002   Code   RO         4256    i.HAL_ADCEx_InjectedQueueOverflowCallback  stm32f3xx_hal_adc_ex.o
    0x080006a0   0x080006a0   0x00000002   Code   RO         4261    i.HAL_ADCEx_LevelOutOfWindow2Callback  stm32f3xx_hal_adc_ex.o
    0x080006a2   0x080006a2   0x00000002   Code   RO         4262    i.HAL_ADCEx_LevelOutOfWindow3Callback  stm32f3xx_hal_adc_ex.o
    0x080006a4   0x080006a4   0x00000394   Code   RO         4272    i.HAL_ADC_ConfigChannel  stm32f3xx_hal_adc_ex.o
    0x08000a38   0x08000a38   0x00000002   Code   RO         4095    i.HAL_ADC_ConvCpltCallback  stm32f3xx_hal_adc.o
    0x08000a3a   0x08000a3a   0x00000002   Code   RO         4098    i.HAL_ADC_ErrorCallback  stm32f3xx_hal_adc.o
    0x08000a3c   0x08000a3c   0x00000006   Code   RO         4274    i.HAL_ADC_GetValue  stm32f3xx_hal_adc_ex.o
    0x08000a42   0x08000a42   0x00000002   PAD
    0x08000a44   0x08000a44   0x00000328   Code   RO         4275    i.HAL_ADC_IRQHandler  stm32f3xx_hal_adc_ex.o
    0x08000d6c   0x08000d6c   0x00000248   Code   RO         4276    i.HAL_ADC_Init      stm32f3xx_hal_adc_ex.o
    0x08000fb4   0x08000fb4   0x00000002   Code   RO         4104    i.HAL_ADC_LevelOutOfWindowCallback  stm32f3xx_hal_adc.o
    0x08000fb6   0x08000fb6   0x00000002   PAD
    0x08000fb8   0x08000fb8   0x00000054   Code   RO          163    i.HAL_ADC_MspInit   stm32f3xx_hal_msp.o
    0x0800100c   0x0800100c   0x00000180   Code   RO         4281    i.HAL_ADC_Start_IT  stm32f3xx_hal_adc_ex.o
    0x0800118c   0x0800118c   0x0000004a   Code   RO          723    i.HAL_DMA_Abort_IT  stm32f3xx_hal_dma.o
    0x080011d6   0x080011d6   0x00000002   PAD
    0x080011d8   0x080011d8   0x00000024   Code   RO         1983    i.HAL_Delay         stm32f3xx_hal.o
    0x080011fc   0x080011fc   0x00000002   Code   RO         2475    i.HAL_GPIO_EXTI_Callback  stm32f3xx_hal_gpio.o
    0x080011fe   0x080011fe   0x00000002   PAD
    0x08001200   0x08001200   0x00000018   Code   RO         2476    i.HAL_GPIO_EXTI_IRQHandler  stm32f3xx_hal_gpio.o
    0x08001218   0x08001218   0x00000188   Code   RO         2477    i.HAL_GPIO_Init     stm32f3xx_hal_gpio.o
    0x080013a0   0x080013a0   0x0000000a   Code   RO         2479    i.HAL_GPIO_ReadPin  stm32f3xx_hal_gpio.o
    0x080013aa   0x080013aa   0x0000000a   Code   RO         2481    i.HAL_GPIO_WritePin  stm32f3xx_hal_gpio.o
    0x080013b4   0x080013b4   0x0000000c   Code   RO         1987    i.HAL_GetTick       stm32f3xx_hal.o
    0x080013c0   0x080013c0   0x00000056   Code   RO          820    i.HAL_I2CEx_ConfigAnalogFilter  stm32f3xx_hal_i2c_ex.o
    0x08001416   0x08001416   0x00000052   Code   RO          821    i.HAL_I2CEx_ConfigDigitalFilter  stm32f3xx_hal_i2c_ex.o
    0x08001468   0x08001468   0x000000b8   Code   RO         3356    i.HAL_I2C_Init      stm32f3xx_hal_i2c.o
    0x08001520   0x08001520   0x0000004c   Code   RO          165    i.HAL_I2C_MspInit   stm32f3xx_hal_msp.o
    0x0800156c   0x0800156c   0x00000010   Code   RO         1993    i.HAL_IncTick       stm32f3xx_hal.o
    0x0800157c   0x0800157c   0x00000024   Code   RO         1994    i.HAL_Init          stm32f3xx_hal.o
    0x080015a0   0x080015a0   0x00000040   Code   RO         1995    i.HAL_InitTick      stm32f3xx_hal.o
    0x080015e0   0x080015e0   0x00000070   Code   RO          166    i.HAL_MspInit       stm32f3xx_hal_msp.o
    0x08001650   0x08001650   0x00000016   Code   RO         1462    i.HAL_NVIC_EnableIRQ  stm32f3xx_hal_cortex.o
    0x08001666   0x08001666   0x00000002   PAD
    0x08001668   0x08001668   0x00000040   Code   RO         1468    i.HAL_NVIC_SetPriority  stm32f3xx_hal_cortex.o
    0x080016a8   0x080016a8   0x00000024   Code   RO         1469    i.HAL_NVIC_SetPriorityGrouping  stm32f3xx_hal_cortex.o
    0x080016cc   0x080016cc   0x000000a6   Code   RO         1174    i.HAL_PCD_Init      stm32f3xx_hal_pcd.o
    0x08001772   0x08001772   0x00000002   PAD
    0x08001774   0x08001774   0x0000004c   Code   RO          168    i.HAL_PCD_MspInit   stm32f3xx_hal_msp.o
    0x080017c0   0x080017c0   0x00000218   Code   RO         3878    i.HAL_RCCEx_PeriphCLKConfig  stm32f3xx_hal_rcc_ex.o
    0x080019d8   0x080019d8   0x00000188   Code   RO         3241    i.HAL_RCC_ClockConfig  stm32f3xx_hal_rcc.o
    0x08001b60   0x08001b60   0x0000000c   Code   RO         3246    i.HAL_RCC_GetHCLKFreq  stm32f3xx_hal_rcc.o
    0x08001b6c   0x08001b6c   0x00000030   Code   RO         3248    i.HAL_RCC_GetPCLK1Freq  stm32f3xx_hal_rcc.o
    0x08001b9c   0x08001b9c   0x00000030   Code   RO         3249    i.HAL_RCC_GetPCLK2Freq  stm32f3xx_hal_rcc.o
    0x08001bcc   0x08001bcc   0x00000064   Code   RO         3250    i.HAL_RCC_GetSysClockFreq  stm32f3xx_hal_rcc.o
    0x08001c30   0x08001c30   0x000005ac   Code   RO         3253    i.HAL_RCC_OscConfig  stm32f3xx_hal_rcc.o
    0x080021dc   0x080021dc   0x000000b6   Code   RO         2158    i.HAL_SPI_Init      stm32f3xx_hal_spi.o
    0x08002292   0x08002292   0x00000002   PAD
    0x08002294   0x08002294   0x00000048   Code   RO          170    i.HAL_SPI_MspInit   stm32f3xx_hal_msp.o
    0x080022dc   0x080022dc   0x00000018   Code   RO         1471    i.HAL_SYSTICK_CLKSourceConfig  stm32f3xx_hal_cortex.o
    0x080022f4   0x080022f4   0x00000002   Code   RO         1472    i.HAL_SYSTICK_Callback  stm32f3xx_hal_cortex.o
    0x080022f6   0x080022f6   0x00000028   Code   RO         1473    i.HAL_SYSTICK_Config  stm32f3xx_hal_cortex.o
    0x0800231e   0x0800231e   0x00000008   Code   RO         1474    i.HAL_SYSTICK_IRQHandler  stm32f3xx_hal_cortex.o
    0x08002326   0x08002326   0x00000002   Code   RO          874    i.HAL_TIMEx_Break2Callback  stm32f3xx_hal_tim_ex.o
    0x08002328   0x08002328   0x00000002   Code   RO          875    i.HAL_TIMEx_BreakCallback  stm32f3xx_hal_tim_ex.o
    0x0800232a   0x0800232a   0x00000002   Code   RO          876    i.HAL_TIMEx_CommutationCallback  stm32f3xx_hal_tim_ex.o
    0x0800232c   0x0800232c   0x00000058   Code   RO          893    i.HAL_TIMEx_MasterConfigSynchronization  stm32f3xx_hal_tim_ex.o
    0x08002384   0x08002384   0x00000036   Code   RO         2596    i.HAL_TIM_Base_Init  stm32f3xx_hal_tim.o
    0x080023ba   0x080023ba   0x00000002   PAD
    0x080023bc   0x080023bc   0x00000088   Code   RO          172    i.HAL_TIM_Base_MspInit  stm32f3xx_hal_msp.o
    0x08002444   0x08002444   0x00000018   Code   RO         2601    i.HAL_TIM_Base_Start_IT  stm32f3xx_hal_tim.o
    0x0800245c   0x0800245c   0x0000002a   Code   RO         2604    i.HAL_TIM_Base_Stop_IT  stm32f3xx_hal_tim.o
    0x08002486   0x08002486   0x00000002   PAD
    0x08002488   0x08002488   0x000000fc   Code   RO         2605    i.HAL_TIM_ConfigClockSource  stm32f3xx_hal_tim.o
    0x08002584   0x08002584   0x00000002   Code   RO         2627    i.HAL_TIM_IC_CaptureCallback  stm32f3xx_hal_tim.o
    0x08002586   0x08002586   0x00000184   Code   RO         2640    i.HAL_TIM_IRQHandler  stm32f3xx_hal_tim.o
    0x0800270a   0x0800270a   0x00000002   Code   RO         2643    i.HAL_TIM_OC_DelayElapsedCallback  stm32f3xx_hal_tim.o
    0x0800270c   0x0800270c   0x00000002   Code   RO         2670    i.HAL_TIM_PWM_PulseFinishedCallback  stm32f3xx_hal_tim.o
    0x0800270e   0x0800270e   0x00000002   Code   RO         2677    i.HAL_TIM_PeriodElapsedCallback  stm32f3xx_hal_tim.o
    0x08002710   0x08002710   0x00000002   Code   RO         2681    i.HAL_TIM_TriggerCallback  stm32f3xx_hal_tim.o
    0x08002712   0x08002712   0x00000002   Code   RO         2545    i.HAL_UARTEx_WakeupCallback  stm32f3xx_hal_uart_ex.o
    0x08002714   0x08002714   0x00000002   Code   RO         1638    i.HAL_UART_ErrorCallback  stm32f3xx_hal_uart.o
    0x08002716   0x08002716   0x00000002   PAD
    0x08002718   0x08002718   0x00000140   Code   RO         1641    i.HAL_UART_IRQHandler  stm32f3xx_hal_uart.o
    0x08002858   0x08002858   0x0000006a   Code   RO         1642    i.HAL_UART_Init     stm32f3xx_hal_uart.o
    0x080028c2   0x080028c2   0x00000002   PAD
    0x080028c4   0x080028c4   0x00000058   Code   RO          174    i.HAL_UART_MspInit  stm32f3xx_hal_msp.o
    0x0800291c   0x0800291c   0x0000007a   Code   RO         1647    i.HAL_UART_Receive_IT  stm32f3xx_hal_uart.o
    0x08002996   0x08002996   0x00000002   Code   RO         1648    i.HAL_UART_RxCpltCallback  stm32f3xx_hal_uart.o
    0x08002998   0x08002998   0x00000002   Code   RO         1653    i.HAL_UART_TxCpltCallback  stm32f3xx_hal_uart.o
    0x0800299a   0x0800299a   0x00000002   PAD
    0x0800299c   0x0800299c   0x00000048   Code   RO          526    i.LiquidCrystal     liquidcrystal.o
    0x080029e4   0x080029e4   0x00000060   Code   RO          409    i.MX_ADC2_Init      main.o
    0x08002a44   0x08002a44   0x000001ec   Code   RO          410    i.MX_GPIO_Init      main.o
    0x08002c30   0x08002c30   0x00000050   Code   RO          411    i.MX_I2C1_Init      main.o
    0x08002c80   0x08002c80   0x00000048   Code   RO          412    i.MX_SPI1_Init      main.o
    0x08002cc8   0x08002cc8   0x000000c8   Code   RO          265    i.MX_TIM2_Init      stm32f3xx_it.o
    0x08002d90   0x08002d90   0x00000058   Code   RO          413    i.MX_TIM2_Init      main.o
    0x08002de8   0x08002de8   0x00000054   Code   RO          414    i.MX_TIM3_Init      main.o
    0x08002e3c   0x08002e3c   0x00000054   Code   RO          415    i.MX_TIM4_Init      main.o
    0x08002e90   0x08002e90   0x00000038   Code   RO          416    i.MX_USART2_UART_Init  main.o
    0x08002ec8   0x08002ec8   0x00000020   Code   RO         1475    i.NVIC_SetPriority  stm32f3xx_hal_cortex.o
    0x08002ee8   0x08002ee8   0x0000000e   Code   RO          266    i.SysTick_Handler   stm32f3xx_it.o
    0x08002ef6   0x08002ef6   0x00000002   PAD
    0x08002ef8   0x08002ef8   0x00000090   Code   RO          417    i.SystemClock_Config  main.o
    0x08002f88   0x08002f88   0x00000068   Code   RO           14    i.SystemInit        system_stm32f3xx.o
    0x08002ff0   0x08002ff0   0x0000033c   Code   RO          267    i.TIM2_IRQHandler   stm32f3xx_it.o
    0x0800332c   0x0800332c   0x00000644   Code   RO          268    i.TIM3_IRQHandler   stm32f3xx_it.o
    0x08003970   0x08003970   0x00000128   Code   RO          269    i.TIM4_IRQHandler   stm32f3xx_it.o
    0x08003a98   0x08003a98   0x000000b0   Code   RO         2682    i.TIM_Base_SetConfig  stm32f3xx_hal_tim.o
    0x08003b48   0x08003b48   0x00000014   Code   RO         2689    i.TIM_ETR_SetConfig  stm32f3xx_hal_tim.o
    0x08003b5c   0x08003b5c   0x00000010   Code   RO         2690    i.TIM_ITRx_SetConfig  stm32f3xx_hal_tim.o
    0x08003b6c   0x08003b6c   0x00000022   Code   RO         2696    i.TIM_TI1_ConfigInputStage  stm32f3xx_hal_tim.o
    0x08003b8e   0x08003b8e   0x00000024   Code   RO         2698    i.TIM_TI2_ConfigInputStage  stm32f3xx_hal_tim.o
    0x08003bb2   0x08003bb2   0x000000c8   Code   RO         1655    i.UART_AdvFeatureConfig  stm32f3xx_hal_uart.o
    0x08003c7a   0x08003c7a   0x0000005c   Code   RO         1656    i.UART_CheckIdleState  stm32f3xx_hal_uart.o
    0x08003cd6   0x08003cd6   0x00000014   Code   RO         1657    i.UART_DMAAbortOnError  stm32f3xx_hal_uart.o
    0x08003cea   0x08003cea   0x0000001c   Code   RO         1667    i.UART_EndRxTransfer  stm32f3xx_hal_uart.o
    0x08003d06   0x08003d06   0x0000001a   Code   RO         1668    i.UART_EndTransmit_IT  stm32f3xx_hal_uart.o
    0x08003d20   0x08003d20   0x00000076   Code   RO         1670    i.UART_Receive_IT   stm32f3xx_hal_uart.o
    0x08003d96   0x08003d96   0x00000002   PAD
    0x08003d98   0x08003d98   0x000001d4   Code   RO         1671    i.UART_SetConfig    stm32f3xx_hal_uart.o
    0x08003f6c   0x08003f6c   0x00000064   Code   RO         1672    i.UART_Transmit_IT  stm32f3xx_hal_uart.o
    0x08003fd0   0x08003fd0   0x00000064   Code   RO         1673    i.UART_WaitOnFlagUntilTimeout  stm32f3xx_hal_uart.o
    0x08004034   0x08004034   0x00000060   Code   RO          270    i.USART2_IRQHandler  stm32f3xx_it.o
    0x08004094   0x08004094   0x00000002   Code   RO          418    i._Error_Handler    main.o
    0x08004096   0x08004096   0x00000002   PAD
    0x08004098   0x08004098   0x00000028   Code   RO         4675    i.__0sprintf$6      mc_w.l(printf6.o)
    0x080040c0   0x080040c0   0x0000000e   Code   RO         4823    i.__scatterload_copy  mc_w.l(handlers.o)
    0x080040ce   0x080040ce   0x00000002   Code   RO         4824    i.__scatterload_null  mc_w.l(handlers.o)
    0x080040d0   0x080040d0   0x0000000e   Code   RO         4825    i.__scatterload_zeroinit  mc_w.l(handlers.o)
    0x080040de   0x080040de   0x00000002   PAD
    0x080040e0   0x080040e0   0x000002f0   Code   RO         4680    i._printf_core      mc_w.l(printf6.o)
    0x080043d0   0x080043d0   0x00000024   Code   RO         4681    i._printf_post_padding  mc_w.l(printf6.o)
    0x080043f4   0x080043f4   0x0000002e   Code   RO         4682    i._printf_pre_padding  mc_w.l(printf6.o)
    0x08004422   0x08004422   0x0000000a   Code   RO         4684    i._sputc            mc_w.l(printf6.o)
    0x0800442c   0x0800442c   0x00000280   Code   RO          271    i.apple             stm32f3xx_it.o
    0x080046ac   0x080046ac   0x00000138   Code   RO          528    i.begin             liquidcrystal.o
    0x080047e4   0x080047e4   0x000000f4   Code   RO          272    i.checkemt          stm32f3xx_it.o
    0x080048d8   0x080048d8   0x00000084   Code   RO          273    i.checkfl           stm32f3xx_it.o
    0x0800495c   0x0800495c   0x000000ec   Code   RO          274    i.checkij           stm32f3xx_it.o
    0x08004a48   0x08004a48   0x00000012   Code   RO          530    i.clear             liquidcrystal.o
    0x08004a5a   0x08004a5a   0x00000006   Code   RO          694    i.command           liquidcrystal.o
    0x08004a60   0x08004a60   0x00000024   Code   RO          531    i.createChar        liquidcrystal.o
    0x08004a84   0x08004a84   0x00000018   Code   RO          533    i.display           liquidcrystal.o
    0x08004a9c   0x08004a9c   0x000000ac   Code   RO          534    i.enableClock       liquidcrystal.o
    0x08004b48   0x08004b48   0x00000012   Code   RO          535    i.home              liquidcrystal.o
    0x08004b5a   0x08004b5a   0x00000002   PAD
    0x08004b5c   0x08004b5c   0x00000050   Code   RO          536    i.init              liquidcrystal.o
    0x08004bac   0x08004bac   0x000000cc   Code   RO          277    i.lastcheck         stm32f3xx_it.o
    0x08004c78   0x08004c78   0x000000c8   Code   RO          419    i.main              main.o
    0x08004d40   0x08004d40   0x00000020   Code   RO          278    i.mjl               stm32f3xx_it.o
    0x08004d60   0x08004d60   0x0000005c   Code   RO          279    i.numbertobcd       stm32f3xx_it.o
    0x08004dbc   0x08004dbc   0x00000028   Code   RO          542    i.print             liquidcrystal.o
    0x08004de4   0x08004de4   0x0000003c   Code   RO          543    i.pulseEnable       liquidcrystal.o
    0x08004e20   0x08004e20   0x00000044   Code   RO          547    i.send              liquidcrystal.o
    0x08004e64   0x08004e64   0x00000028   Code   RO          548    i.setCursor         liquidcrystal.o
    0x08004e8c   0x08004e8c   0x00000014   Code   RO          549    i.setRowOffsets     liquidcrystal.o
    0x08004ea0   0x08004ea0   0x0000000c   Code   RO          699    i.write             liquidcrystal.o
    0x08004eac   0x08004eac   0x00000034   Code   RO          550    i.write4bits        liquidcrystal.o
    0x08004ee0   0x08004ee0   0x00000034   Code   RO          551    i.write8bits        liquidcrystal.o
    0x08004f14   0x08004f14   0x00000010   Data   RO           15    .constdata          system_stm32f3xx.o
    0x08004f24   0x08004f24   0x00000008   Data   RO           16    .constdata          system_stm32f3xx.o
    0x08004f2c   0x08004f2c   0x00000020   Data   RO         3254    .constdata          stm32f3xx_hal_rcc.o
    0x08004f4c   0x08004f4c   0x00000020   Data   RO         4821    Region$$Table       anon$$obj.o


    Execution Region RW_IRAM1 (Exec base: 0x20000000, Load base: 0x08004f6c, Size: 0x00000db8, Max: 0x0000a000, ABSOLUTE, COMPRESSED[0x0000006c])

    Exec Addr    Load Addr    Size         Type   Attr      Idx    E Section Name        Object

    0x20000000   COMPRESSED   0x00000004   Data   RW           17    .data               system_stm32f3xx.o
    0x20000004   COMPRESSED   0x00000058   Data   RW          280    .data               stm32f3xx_it.o
    0x2000005c   COMPRESSED   0x00000004   Data   RW          422    .data               main.o
    0x20000060   COMPRESSED   0x00000004   Data   RW          424    .data               main.o
    0x20000064   COMPRESSED   0x00000004   Data   RW          425    .data               main.o
    0x20000068   COMPRESSED   0x00000004   Data   RW          426    .data               main.o
    0x2000006c   COMPRESSED   0x00000004   Data   RW          427    .data               main.o
    0x20000070   COMPRESSED   0x00000004   Data   RW          428    .data               main.o
    0x20000074   COMPRESSED   0x00000004   Data   RW          429    .data               main.o
    0x20000078   COMPRESSED   0x00000008   Data   RW          430    .data               main.o
    0x20000080   COMPRESSED   0x00000008   Data   RW          433    .data               main.o
    0x20000088   COMPRESSED   0x00000008   Data   RW          434    .data               main.o
    0x20000090   COMPRESSED   0x00000008   Data   RW          435    .data               main.o
    0x20000098   COMPRESSED   0x00000008   Data   RW          436    .data               main.o
    0x200000a0   COMPRESSED   0x00000008   Data   RW          437    .data               main.o
    0x200000a8   COMPRESSED   0x00000008   Data   RW          438    .data               main.o
    0x200000b0   COMPRESSED   0x00000008   Data   RW          439    .data               main.o
    0x200000b8   COMPRESSED   0x00000008   Data   RW          440    .data               main.o
    0x200000c0   COMPRESSED   0x00000008   Data   RW          441    .data               main.o
    0x200000c8   COMPRESSED   0x00000008   Data   RW          442    .data               main.o
    0x200000d0   COMPRESSED   0x00000008   Data   RW          443    .data               main.o
    0x200000d8   COMPRESSED   0x00000008   Data   RW          444    .data               main.o
    0x200000e0   COMPRESSED   0x00000008   Data   RW          445    .data               main.o
    0x200000e8   COMPRESSED   0x00000008   Data   RW          446    .data               main.o
    0x200000f0   COMPRESSED   0x00000008   Data   RW          447    .data               main.o
    0x200000f8   COMPRESSED   0x00000008   Data   RW          448    .data               main.o
    0x20000100   COMPRESSED   0x00000008   Data   RW          449    .data               main.o
    0x20000108   COMPRESSED   0x00000008   Data   RW          450    .data               main.o
    0x20000110   COMPRESSED   0x00000008   Data   RW          451    .data               main.o
    0x20000118   COMPRESSED   0x00000004   Data   RW          452    .data               main.o
    0x2000011c   COMPRESSED   0x00000004   Data   RW          453    .data               main.o
    0x20000120   COMPRESSED   0x00000004   Data   RW          454    .data               main.o
    0x20000124   COMPRESSED   0x00000001   Data   RW          458    .data               main.o
    0x20000125   COMPRESSED   0x00000003   PAD
    0x20000128   COMPRESSED   0x00000014   Data   RW          553    .data               liquidcrystal.o
    0x2000013c   COMPRESSED   0x0000000c   Data   RW         2001    .data               stm32f3xx_hal.o
    0x20000148   COMPRESSED   0x00000004   Data   RW         4510    .data               mc_w.l(rand.o)
    0x2000014c        -       0x00000280   Zero   RW          420    .bss                main.o
    0x200003cc        -       0x000005dc   Zero   RW          421    .bss                main.o
    0x200009a8        -       0x00000010   Zero   RW          552    .bss                liquidcrystal.o
    0x200009b8        -       0x00000400   Zero   RW            1    STACK               startup_stm32f303xc.o


==============================================================================

Image component sizes


      Code (inc. data)   RO Data    RW Data    ZI Data      Debug   Object Name

      1082         94          0         20         16      12651   liquidcrystal.o
      1398        128          0        201       2140       9395   main.o
        36          8        392          0       1024        848   startup_stm32f303xc.o
       164         28          0         12          0       4069   stm32f3xx_hal.o
         6          0          0          0          0       2094   stm32f3xx_hal_adc.o
      2900        106          0          0          0      10429   stm32f3xx_hal_adc_ex.o
       228         14          0          0          0      32257   stm32f3xx_hal_cortex.o
        74          0          0          0          0       1107   stm32f3xx_hal_dma.o
       438         34          0          0          0       4291   stm32f3xx_hal_gpio.o
       184          6          0          0          0       3011   stm32f3xx_hal_i2c.o
       168          0          0          0          0       1947   stm32f3xx_hal_i2c_ex.o
       644         74          0          0          0       5076   stm32f3xx_hal_msp.o
       166          0          0          0          0       1489   stm32f3xx_hal_pcd.o
      2052         80         32          0          0       6404   stm32f3xx_hal_rcc.o
       536         14          0          0          0       1620   stm32f3xx_hal_rcc_ex.o
       182          0          0          0          0       1279   stm32f3xx_hal_spi.o
      1052         36          0          0          0      11320   stm32f3xx_hal_tim.o
        94         10          0          0          0       3145   stm32f3xx_hal_tim_ex.o
      1706         58          0          0          0      12157   stm32f3xx_hal_uart.o
         2          0          0          0          0        956   stm32f3xx_hal_uart_ex.o
      5446        502          0         88          0      13806   stm32f3xx_it.o
       104         22         24          4          0     648979   system_stm32f3xx.o

    ----------------------------------------------------------------------
     18696       1214        480        328       3180     788330   Object Totals
         0          0         32          0          0          0   (incl. Generated)
        34          0          0          3          0          0   (incl. Padding)

    ----------------------------------------------------------------------

      Code (inc. data)   RO Data    RW Data    ZI Data      Debug   Library Member Name

        86          0          0          0          0          0   __dczerorl2.o
         0          0          0          0          0          0   entry.o
         0          0          0          0          0          0   entry10a.o
         0          0          0          0          0          0   entry11a.o
         8          4          0          0          0          0   entry2.o
         4          0          0          0          0          0   entry5.o
         0          0          0          0          0          0   entry7b.o
         0          0          0          0          0          0   entry8b.o
         8          4          0          0          0          0   entry9a.o
        30          0          0          0          0          0   handlers.o
        36          8          0          0          0         68   init.o
       884         10          0          0          0        420   printf6.o
        36         10          0          4          0        136   rand.o
        14          0          0          0          0         68   strlen.o
        44          0          0          0          0         80   uidiv.o

    ----------------------------------------------------------------------
      1156         36          0          4          0        772   Library Totals
         6          0          0          0          0          0   (incl. Padding)

    ----------------------------------------------------------------------

      Code (inc. data)   RO Data    RW Data    ZI Data      Debug   Library Name

      1150         36          0          4          0        772   mc_w.l

    ----------------------------------------------------------------------
      1156         36          0          4          0        772   Library Totals

    ----------------------------------------------------------------------

==============================================================================


      Code (inc. data)   RO Data    RW Data    ZI Data      Debug   

     19852       1250        480        332       3180     776526   Grand Totals
     19852       1250        480        108       3180     776526   ELF Image Totals (compressed)
     19852       1250        480        108          0          0   ROM Totals

==============================================================================

    Total RO  Size (Code + RO Data)                20332 (  19.86kB)
    Total RW  Size (RW Data + ZI Data)              3512 (   3.43kB)
    Total ROM Size (Code + RO Data + RW Data)      20440 (  19.96kB)

==============================================================================

